Component: ARM Compiler 6.14 Tool: armlink [5db06800]

==============================================================================

Memory Map of the image

  Image Entry point : 0x00000411

  Load Region LR_IROM1 (Base: 0x00000000, Size: 0x0001c804, Max: 0x00100000, ABSOLUTE, COMPRESSED[0x0001c6f0])

    Execution Region VECTOR_ROM (Base: 0x00000000, Size: 0x00000400, Max: 0x00000400, ABSOLUTE)

    Base Addr    Size         Type   Attr      Idx    E Section Name        Object

    0x00000000   0x00000400   Data   RO        23462    RESET               BUILD/K64F/ARM/mbed-os/targets/TARGET_Freescale/TARGET_MCUXpresso_MCUS/TARGET_MCU_K64F/device/TOOLCHAIN_ARM_STD/startup_MK64F12.o


    Execution Region ER_m_flash_config (Base: 0x00000400, Size: 0x00000010, Max: 0x00000010, ABSOLUTE, FIXED)

    Base Addr    Size         Type   Attr      Idx    E Section Name        Object

    0x00000400   0x00000010   Data   RO        23463    FlashConfig         BUILD/K64F/ARM/mbed-os/targets/TARGET_Freescale/TARGET_MCUXpresso_MCUS/TARGET_MCU_K64F/device/TOOLCHAIN_ARM_STD/startup_MK64F12.o


    Execution Region ER_IROM1 (Base: 0x00000410, Size: 0x0001c278, Max: 0x000ffbf0, ABSOLUTE)

    Base Addr    Size         Type   Attr      Idx    E Section Name        Object

    0x00000410   0x00000008   Code   RO        26426  * !!!main             c:\Users\Baru\AppData\Local\Mbed Studio\mbed-studio-tools\ac6\bin\..\lib\armlib\c_w.l(__main.o)
    0x00000418   0x00000034   Code   RO        27066    !!!scatter          c:\Users\Baru\AppData\Local\Mbed Studio\mbed-studio-tools\ac6\bin\..\lib\armlib\c_w.l(__scatter.o)
    0x0000044c   0x0000003a   Code   RO        27064    !!dczerorl          c:\Users\Baru\AppData\Local\Mbed Studio\mbed-studio-tools\ac6\bin\..\lib\armlib\c_w.l(__dczerorl.o)
    0x00000486   0x00000002   PAD
    0x00000488   0x0000001c   Code   RO        27068    !!handler_zi        c:\Users\Baru\AppData\Local\Mbed Studio\mbed-studio-tools\ac6\bin\..\lib\armlib\c_w.l(__scatter_zi.o)
    0x000004a4   0x00000000   Code   RO        26294    .ARM.Collect$$_printf_percent$$00000000  c:\Users\Baru\AppData\Local\Mbed Studio\mbed-studio-tools\ac6\bin\..\lib\armlib\c_w.l(_printf_percent.o)
    0x000004a4   0x00000006   Code   RO        26286    .ARM.Collect$$_printf_percent$$00000001  c:\Users\Baru\AppData\Local\Mbed Studio\mbed-studio-tools\ac6\bin\..\lib\armlib\c_w.l(_printf_n.o)
    0x000004aa   0x00000006   Code   RO        26288    .ARM.Collect$$_printf_percent$$00000002  c:\Users\Baru\AppData\Local\Mbed Studio\mbed-studio-tools\ac6\bin\..\lib\armlib\c_w.l(_printf_p.o)
    0x000004b0   0x00000006   Code   RO        26293    .ARM.Collect$$_printf_percent$$00000003  c:\Users\Baru\AppData\Local\Mbed Studio\mbed-studio-tools\ac6\bin\..\lib\armlib\c_w.l(_printf_f.o)
    0x000004b6   0x00000006   Code   RO        26642    .ARM.Collect$$_printf_percent$$00000004  c:\Users\Baru\AppData\Local\Mbed Studio\mbed-studio-tools\ac6\bin\..\lib\armlib\c_w.l(_printf_e.o)
    0x000004bc   0x00000006   Code   RO        26643    .ARM.Collect$$_printf_percent$$00000005  c:\Users\Baru\AppData\Local\Mbed Studio\mbed-studio-tools\ac6\bin\..\lib\armlib\c_w.l(_printf_g.o)
    0x000004c2   0x00000006   Code   RO        26644    .ARM.Collect$$_printf_percent$$00000006  c:\Users\Baru\AppData\Local\Mbed Studio\mbed-studio-tools\ac6\bin\..\lib\armlib\c_w.l(_printf_a.o)
    0x000004c8   0x0000000a   Code   RO        26649    .ARM.Collect$$_printf_percent$$00000007  c:\Users\Baru\AppData\Local\Mbed Studio\mbed-studio-tools\ac6\bin\..\lib\armlib\c_w.l(_printf_ll.o)
    0x000004d2   0x00000006   Code   RO        26290    .ARM.Collect$$_printf_percent$$00000008  c:\Users\Baru\AppData\Local\Mbed Studio\mbed-studio-tools\ac6\bin\..\lib\armlib\c_w.l(_printf_i.o)
    0x000004d8   0x00000006   Code   RO        26291    .ARM.Collect$$_printf_percent$$00000009  c:\Users\Baru\AppData\Local\Mbed Studio\mbed-studio-tools\ac6\bin\..\lib\armlib\c_w.l(_printf_d.o)
    0x000004de   0x00000006   Code   RO        26292    .ARM.Collect$$_printf_percent$$0000000A  c:\Users\Baru\AppData\Local\Mbed Studio\mbed-studio-tools\ac6\bin\..\lib\armlib\c_w.l(_printf_u.o)
    0x000004e4   0x00000006   Code   RO        26289    .ARM.Collect$$_printf_percent$$0000000B  c:\Users\Baru\AppData\Local\Mbed Studio\mbed-studio-tools\ac6\bin\..\lib\armlib\c_w.l(_printf_o.o)
    0x000004ea   0x00000006   Code   RO        26287    .ARM.Collect$$_printf_percent$$0000000C  c:\Users\Baru\AppData\Local\Mbed Studio\mbed-studio-tools\ac6\bin\..\lib\armlib\c_w.l(_printf_x.o)
    0x000004f0   0x00000006   Code   RO        26646    .ARM.Collect$$_printf_percent$$0000000D  c:\Users\Baru\AppData\Local\Mbed Studio\mbed-studio-tools\ac6\bin\..\lib\armlib\c_w.l(_printf_lli.o)
    0x000004f6   0x00000006   Code   RO        26647    .ARM.Collect$$_printf_percent$$0000000E  c:\Users\Baru\AppData\Local\Mbed Studio\mbed-studio-tools\ac6\bin\..\lib\armlib\c_w.l(_printf_lld.o)
[...]
    0x000128e0   0x00000046   Code   RO        18765    .text._ZeqRK13SocketAddressS1_  BUILD/K64F/ARM/mbed-os/features/netsocket/SocketAddress.o
    0x00012926   0x00000002   PAD
    0x00012928   0x0000004c   Code   RO        22427    .text._Znaj         BUILD/K64F/ARM/mbed-os/platform/mbed_retarget.o
    0x00012974   0x00000004   Code   RO        22431    .text._ZnajRKSt9nothrow_t  BUILD/K64F/ARM/mbed-os/platform/mbed_retarget.o
    0x00012978   0x0000000c   Code   RO        18767    .text._ZneRK13SocketAddressS1_  BUILD/K64F/ARM/mbed-os/features/netsocket/SocketAddress.o
    0x00012984   0x0000004c   Code   RO        22425    .text._Znwj         BUILD/K64F/ARM/mbed-os/platform/mbed_retarget.o
    0x000129d0   0x00000004   Code   RO        22429    .text._ZnwjRKSt9nothrow_t  BUILD/K64F/ARM/mbed-os/platform/mbed_retarget.o
    0x000129d4   0x00000024   Code   RO        22232    .text.__NVIC_SystemReset  BUILD/K64F/ARM/mbed-os/platform/mbed_error.o
    0x000129f8   0x00000004   Code   RO        22399    .text.__cxa_atexit  BUILD/K64F/ARM/mbed-os/platform/mbed_retarget.o
    0x000129fc   0x00000078   Code   RO        22419    .text.__cxa_guard_acquire  BUILD/K64F/ARM/mbed-os/platform/mbed_retarget.o
    0x00012a74   0x00000042   Code   RO        22421    .text.__cxa_guard_release  BUILD/K64F/ARM/mbed-os/platform/mbed_retarget.o
    0x00012ab6   0x00000002   PAD
    0x00012ab8   0x00000028   Code   RO        26530    .text.__cxa_pure_virtual  c:\Users\Baru\AppData\Local\Mbed Studio\mbed-studio-tools\ac6\bin\..\lib\libcxx\libcppabi_w.l(cxa_virtual.cpp.o)
    0x00012ae0   0x00000054   Code   RO        22689    .text.__rt_entry    BUILD/K64F/ARM/mbed-os/rtos/TARGET_CORTEX/TOOLCHAIN_ARM_STD/mbed_boot_arm_std.o
    0x00012b34   0x00000068   Code   RO        22693    .text.__user_perthread_libspace  BUILD/K64F/ARM/mbed-os/rtos/TARGET_CORTEX/TOOLCHAIN_ARM_STD/mbed_boot_arm_std.o
    0x00012b9c   0x00000034   Code   RO        22697    .text._mutex_acquire  BUILD/K64F/ARM/mbed-os/rtos/TARGET_CORTEX/TOOLCHAIN_ARM_STD/mbed_boot_arm_std.o
    0x00012bd0   0x00000042   Code   RO        22701    .text._mutex_free   BUILD/K64F/ARM/mbed-os/rtos/TARGET_CORTEX/TOOLCHAIN_ARM_STD/mbed_boot_arm_std.o
    0x00012c12   0x00000002   PAD
    0x00012c14   0x000000a4   Code   RO        22695    .text._mutex_initialize  BUILD/K64F/ARM/mbed-os/rtos/TARGET_CORTEX/TOOLCHAIN_ARM_STD/mbed_boot_arm_std.o
    0x00012cb8   0x00000030   Code   RO        22699    .text._mutex_release  BUILD/K64F/ARM/mbed-os/rtos/TARGET_CORTEX/TOOLCHAIN_ARM_STD/mbed_boot_arm_std.o
    0x00012ce8   0x00000004   Code   RO        22955    .text._platform_post_stackheap_init  BUILD/K64F/ARM/mbed-os/rtos/TARGET_CORTEX/rtx5/RTX/Source/rtx_lib.o
    0x00012cec   0x00000004   Code   RO        22325    .text._sys_close    BUILD/K64F/ARM/mbed-os/platform/mbed_retarget.o
    0x00012cf0   0x00000002   Code   RO        22333    .text._sys_exit     BUILD/K64F/ARM/mbed-os/platform/mbed_retarget.o
    0x00012cf2   0x00000028   Code   RO        22353    .text._sys_flen     BUILD/K64F/ARM/mbed-os/platform/mbed_retarget.o
    0x00012d1a   0x00000004   Code   RO        22341    .text._sys_istty    BUILD/K64F/ARM/mbed-os/platform/mbed_retarget.o
    0x00012d1e   0x0000008a   Code   RO        22321    .text._sys_open     BUILD/K64F/ARM/mbed-os/platform/mbed_retarget.o
    0x00012da8   0x00000006   Code   RO        22343    .text._sys_seek     BUILD/K64F/ARM/mbed-os/platform/mbed_retarget.o
    0x00012dae   0x00000002   PAD
    0x00012db0   0x00000138   Code   RO        22329    .text._sys_write    BUILD/K64F/ARM/mbed-os/platform/mbed_retarget.o
    0x00012ee8   0x00000018   Code   RO        22335    .text._ttywrch      BUILD/K64F/ARM/mbed-os/platform/mbed_retarget.o
    0x00012f00   0x00000004   Code   RO        26801    .text.abort_message  c:\Users\Baru\AppData\Local\Mbed Studio\mbed-studio-tools\ac6\bin\..\lib\libcxx\libcppabi_w.l(abort_message.cpp.o)
    0x00012f04   0x0000003a   Code   RO        22327    .text.close         BUILD/K64F/ARM/mbed-os/platform/mbed_retarget.o
    0x00012f3e   0x0000000a   Code   RO         5461    .text.common_write_16_bit  BUILD/K64F/ARM/mbed-os/features/frameworks/nanostack-libservice/source/libBits/common_functions.o
    0x00012f48   0x0000000c   Code   RO        22131    .text.core_util_are_interrupts_enabled  BUILD/K64F/ARM/mbed-os/platform/mbed_critical.o
    0x00012f54   0x00000022   Code   RO        22143    .text.core_util_atomic_cas_u8  BUILD/K64F/ARM/mbed-os/platform/mbed_critical.o
    0x00012f76   0x00000002   PAD
    0x00012f78   0x00000012   Code   RO        22163    .text.core_util_atomic_decr_u16  BUILD/K64F/ARM/mbed-os/platform/mbed_critical.o
    0x00012f8a   0x00000002   PAD
    0x00012f8c   0x00000012   Code   RO        22149    .text.core_util_atomic_exchange_u8  BUILD/K64F/ARM/mbed-os/platform/mbed_critical.o
    0x00012f9e   0x00000002   PAD
    0x00012fa0   0x00000018   Code   RO        22141    .text.core_util_atomic_flag_test_and_set  BUILD/K64F/ARM/mbed-os/platform/mbed_critical.o
    0x00012fb8   0x00000012   Code   RO        22157    .text.core_util_atomic_incr_u16  BUILD/K64F/ARM/mbed-os/platform/mbed_critical.o
    0x00012fca   0x00000002   PAD
    0x00012fcc   0x0000007c   Code   RO        22137    .text.core_util_critical_section_enter  BUILD/K64F/ARM/mbed-os/platform/mbed_critical.o
    0x00013048   0x00000018   Code   RO        22139    .text.core_util_critical_section_exit  BUILD/K64F/ARM/mbed-os/platform/mbed_critical.o
    0x00013060   0x00000004   Code   RO        22135    .text.core_util_in_critical_section  BUILD/K64F/ARM/mbed-os/platform/mbed_critical.o
    0x00013064   0x0000000c   Code   RO        22133    .text.core_util_is_isr_active  BUILD/K64F/ARM/mbed-os/platform/mbed_critical.o
    0x00013070   0x0000008a   Code   RO         3254    .text.equeue_alloc  BUILD/K64F/ARM/mbed-os/events/equeue/equeue.o
    0x000130fa   0x000000ae   Code   RO         3262    .text.equeue_cancel  BUILD/K64F/ARM/mbed-os/events/equeue/equeue.o
    0x000131a8   0x00000024   Code   RO         3248    .text.equeue_create  BUILD/K64F/ARM/mbed-os/events/equeue/equeue.o
    0x000131cc   0x00000066   Code   RO         3250    .text.equeue_create_inplace  BUILD/K64F/ARM/mbed-os/events/equeue/equeue.o
    0x00013232   0x00000002   PAD
    0x00013234   0x0000006e   Code   RO         3256    .text.equeue_dealloc  BUILD/K64F/ARM/mbed-os/events/equeue/equeue.o
    0x000132a2   0x00000002   PAD
    0x000132a4   0x00000058   Code   RO         3252    .text.equeue_destroy  BUILD/K64F/ARM/mbed-os/events/equeue/equeue.o
    0x000132fc   0x00000192   Code   RO         3268    .text.equeue_dispatch  BUILD/K64F/ARM/mbed-os/events/equeue/equeue.o
    0x0001348e   0x00000002   PAD
    0x00013490   0x000000cc   Code   RO         3260    .text.equeue_enqueue  BUILD/K64F/ARM/mbed-os/events/equeue/equeue.o
    0x0001355c   0x00000006   Code   RO         3270    .text.equeue_event_delay  BUILD/K64F/ARM/mbed-os/events/equeue/equeue.o
    0x00013562   0x00000006   Code   RO         3274    .text.equeue_event_dtor  BUILD/K64F/ARM/mbed-os/events/equeue/equeue.o
    0x00013568   0x00000004   Code   RO         3296    .text.equeue_mutex_create  BUILD/K64F/ARM/mbed-os/events/equeue/equeue_mbed.o
    0x0001356c   0x00000002   Code   RO         3298    .text.equeue_mutex_destroy  BUILD/K64F/ARM/mbed-os/events/equeue/equeue_mbed.o
    0x0001356e   0x00000004   Code   RO         3300    .text.equeue_mutex_lock  BUILD/K64F/ARM/mbed-os/events/equeue/equeue_mbed.o
    0x00013572   0x00000004   Code   RO         3302    .text.equeue_mutex_unlock  BUILD/K64F/ARM/mbed-os/events/equeue/equeue_mbed.o
    0x00013576   0x0000003a   Code   RO         3258    .text.equeue_post   BUILD/K64F/ARM/mbed-os/events/equeue/equeue.o
    0x000135b0   0x0000002c   Code   RO         3304    .text.equeue_sema_create  BUILD/K64F/ARM/mbed-os/events/equeue/equeue_mbed.o
    0x000135dc   0x00000006   Code   RO         3306    .text.equeue_sema_destroy  BUILD/K64F/ARM/mbed-os/events/equeue/equeue_mbed.o
    0x000135e2   0x00000008   Code   RO         3308    .text.equeue_sema_signal  BUILD/K64F/ARM/mbed-os/events/equeue/equeue_mbed.o
    0x000135ea   0x0000001a   Code   RO         3310    .text.equeue_sema_wait  BUILD/K64F/ARM/mbed-os/events/equeue/equeue_mbed.o
    0x00013604   0x00000004   Code   RO         3294    .text.equeue_tick   BUILD/K64F/ARM/mbed-os/events/equeue/equeue_mbed.o
    0x00013608   0x0000005c   Code   RO        22190    .text.error         BUILD/K64F/ARM/mbed-os/platform/mbed_error.o
    0x00013664   0x00000034   Code   RO        22763    .text.error_msg     BUILD/K64F/ARM/mbed-os/rtos/TARGET_CORTEX/mbed_rtx_handlers.o
    0x00013698   0x0000002e   Code   RO        22395    .text.exit          BUILD/K64F/ARM/mbed-os/platform/mbed_retarget.o
    0x000136c6   0x00000030   Code   RO        22313    .text.fdopen        BUILD/K64F/ARM/mbed-os/platform/mbed_retarget.o
    0x000136f6   0x0000002a   Code   RO        22351    .text.fsync         BUILD/K64F/ARM/mbed-os/platform/mbed_retarget.o
    0x00013720   0x0000000a   Code   RO        21885    .text.get_us_ticker_data  BUILD/K64F/ARM/mbed-os/hal/mbed_us_ticker_api.o
    0x0001372a   0x0000004c   Code   RO        24952    .text.gpio_dir      BUILD/K64F/ARM/mbed-os/targets/TARGET_Freescale/TARGET_MCUXpresso_MCUS/api/gpio_api.o
    0x00013776   0x00000010   Code   RO        24948    .text.gpio_init     BUILD/K64F/ARM/mbed-os/targets/TARGET_Freescale/TARGET_MCUXpresso_MCUS/api/gpio_api.o
    0x00013786   0x00000006   Code   RO        21796    .text.gpio_init_in  BUILD/K64F/ARM/mbed-os/hal/mbed_gpio.o
    0x0001378c   0x00000026   Code   RO        21798    .text.gpio_init_in_ex  BUILD/K64F/ARM/mbed-os/hal/mbed_gpio.o
    0x000137b2   0x0000005c   Code   RO        21804    .text.gpio_init_inout  BUILD/K64F/ARM/mbed-os/hal/mbed_gpio.o
    0x0001380e   0x00000006   Code   RO        21800    .text.gpio_init_out  BUILD/K64F/ARM/mbed-os/hal/mbed_gpio.o
    0x00013814   0x0000002e   Code   RO        21802    .text.gpio_init_out_ex  BUILD/K64F/ARM/mbed-os/hal/mbed_gpio.o
    0x00013842   0x00000008   Code   RO        24962    .text.gpio_irqA     BUILD/K64F/ARM/mbed-os/targets/TARGET_Freescale/TARGET_MCUXpresso_MCUS/api/gpio_irq_api.o
    0x0001384a   0x00000008   Code   RO        24966    .text.gpio_irqB     BUILD/K64F/ARM/mbed-os/targets/TARGET_Freescale/TARGET_MCUXpresso_MCUS/api/gpio_irq_api.o
    0x00013852   0x00000008   Code   RO        24968    .text.gpio_irqC     BUILD/K64F/ARM/mbed-os/targets/TARGET_Freescale/TARGET_MCUXpresso_MCUS/api/gpio_irq_api.o
    0x0001385a   0x00000008   Code   RO        24970    .text.gpio_irqD     BUILD/K64F/ARM/mbed-os/targets/TARGET_Freescale/TARGET_MCUXpresso_MCUS/api/gpio_irq_api.o
    0x00013862   0x00000008   Code   RO        24972    .text.gpio_irqE     BUILD/K64F/ARM/mbed-os/targets/TARGET_Freescale/TARGET_MCUXpresso_MCUS/api/gpio_irq_api.o
    0x0001386a   0x00000012   Code   RO        24976    .text.gpio_irq_free  BUILD/K64F/ARM/mbed-os/targets/TARGET_Freescale/TARGET_MCUXpresso_MCUS/api/gpio_irq_api.o
    0x0001387c   0x000000f0   Code   RO        24974    .text.gpio_irq_init  BUILD/K64F/ARM/mbed-os/targets/TARGET_Freescale/TARGET_MCUXpresso_MCUS/api/gpio_irq_api.o
    0x0001396c   0x0000009a   Code   RO        24978    .text.gpio_irq_set  BUILD/K64F/ARM/mbed-os/targets/TARGET_Freescale/TARGET_MCUXpresso_MCUS/api/gpio_irq_api.o
    0x00013a06   0x00000006   Code   RO        24950    .text.gpio_mode     BUILD/K64F/ARM/mbed-os/targets/TARGET_Freescale/TARGET_MCUXpresso_MCUS/api/gpio_api.o
    0x00013a0c   0x0000003a   Code   RO        24956    .text.gpio_read     BUILD/K64F/ARM/mbed-os/targets/TARGET_Freescale/TARGET_MCUXpresso_MCUS/api/gpio_api.o
    0x00013a46   0x00000042   Code   RO        24954    .text.gpio_write    BUILD/K64F/ARM/mbed-os/targets/TARGET_Freescale/TARGET_MCUXpresso_MCUS/api/gpio_api.o
    0x00013a88   0x0000002a   Code   RO        21782    .text.hal_critical_section_enter  BUILD/K64F/ARM/mbed-os/hal/mbed_critical_section_api.o
    0x00013ab2   0x00000002   PAD
    0x00013ab4   0x00000078   Code   RO        21784    .text.hal_critical_section_exit  BUILD/K64F/ARM/mbed-os/hal/mbed_critical_section_api.o
    0x00013b2c   0x0000004a   Code   RO        25093    .text.hal_deepsleep  BUILD/K64F/ARM/mbed-os/targets/TARGET_Freescale/TARGET_MCUXpresso_MCUS/api/sleep.o
    0x00013b76   0x0000000c   Code   RO        21786    .text.hal_in_critical_section  BUILD/K64F/ARM/mbed-os/hal/mbed_critical_section_api.o
    0x00013b82   0x00000010   Code   RO        25091    .text.hal_sleep     BUILD/K64F/ARM/mbed-os/targets/TARGET_Freescale/TARGET_MCUXpresso_MCUS/api/sleep.o
    0x00013b92   0x000000f8   Code   RO        22192    .text.handle_error  BUILD/K64F/ARM/mbed-os/platform/mbed_error.o
    0x00013c8a   0x00000002   PAD
    0x00013c8c   0x00000088   Code   RO        24964    .text.handle_interrupt_in  BUILD/K64F/ARM/mbed-os/targets/TARGET_Freescale/TARGET_MCUXpresso_MCUS/api/gpio_irq_api.o
    0x00013d14   0x00000032   Code   RO        24997    .text.i2c_frequency  BUILD/K64F/ARM/mbed-os/targets/TARGET_Freescale/TARGET_MCUXpresso_MCUS/api/i2c_api.o
    0x00013d46   0x00000002   PAD
    0x00013d48   0x00000118   Code   RO        24991    .text.i2c_init      BUILD/K64F/ARM/mbed-os/targets/TARGET_Freescale/TARGET_MCUXpresso_MCUS/api/i2c_api.o
    0x00013e60   0x00000068   Code   RO        24999    .text.i2c_read      BUILD/K64F/ARM/mbed-os/targets/TARGET_Freescale/TARGET_MCUXpresso_MCUS/api/i2c_api.o
    0x00013ec8   0x0000009c   Code   RO        25001    .text.i2c_write     BUILD/K64F/ARM/mbed-os/targets/TARGET_Freescale/TARGET_MCUXpresso_MCUS/api/i2c_api.o
    0x00013f64   0x000000fe   Code   RO        21858    .text.initialize    BUILD/K64F/ARM/mbed-os/hal/mbed_ticker_api.o
    0x00014062   0x00000002   PAD
    0x00014064   0x000000ac   Code   RO         5527    .text.ip4tos        BUILD/K64F/ARM/mbed-os/features/frameworks/nanostack-libservice/source/libip4string/ip4tos.o
    0x00014110   0x000000a8   Code   RO         5535    .text.ip6tos        BUILD/K64F/ARM/mbed-os/features/frameworks/nanostack-libservice/source/libip6string/ip6tos.o
    0x000141b8   0x00000026   Code   RO        22315    .text.isatty        BUILD/K64F/ARM/mbed-os/platform/mbed_retarget.o
    0x000141de   0x00000030   Code   RO        22345    .text.lseek         BUILD/K64F/ARM/mbed-os/platform/mbed_retarget.o
    0x0001420e   0x00000002   PAD
    0x00014210   0x00000200   Code   RO         1083    .text.main          BUILD/K64F/ARM/main.o
    0x00014410   0x0000001a   Code   RO        22114    .text.mbed_assert_internal  BUILD/K64F/ARM/mbed-os/platform/mbed_assert.o
    0x0001442a   0x00000002   PAD
    0x0001442c   0x0000006c   Code   RO        22118    .text.mbed_die      BUILD/K64F/ARM/mbed-os/platform/mbed_board.o
    0x00014498   0x00000164   Code   RO        22212    .text.mbed_error    BUILD/K64F/ARM/mbed-os/platform/mbed_error.o
    0x000145fc   0x000000ae   Code   RO        22200    .text.mbed_error_initialize  BUILD/K64F/ARM/mbed-os/platform/mbed_error.o
    0x000146aa   0x00000020   Code   RO        22120    .text.mbed_error_printf  BUILD/K64F/ARM/mbed-os/platform/mbed_board.o
    0x000146ca   0x00000002   PAD
    0x000146cc   0x00000054   Code   RO        22124    .text.mbed_error_puts  BUILD/K64F/ARM/mbed-os/platform/mbed_board.o
    0x00014720   0x00000002   Code   RO        22198    .text.mbed_error_reboot_callback  BUILD/K64F/ARM/mbed-os/platform/mbed_error.o
    0x00014722   0x00000034   Code   RO        22122    .text.mbed_error_vprintf  BUILD/K64F/ARM/mbed-os/platform/mbed_board.o
    0x00014756   0x00000002   PAD
    0x00014758   0x000000e0   Code   RO         1193    .text.mbed_fault_handler  BUILD/K64F/ARM/mbed-os/cmsis/TARGET_CORTEX_M/mbed_fault_handler.o
    0x00014838   0x0000000c   Code   RO        22208    .text.mbed_get_error_in_progress  BUILD/K64F/ARM/mbed-os/platform/mbed_error.o
    0x00014844   0x00000032   Code   RO        22196    .text.mbed_halt_system  BUILD/K64F/ARM/mbed-os/platform/mbed_error.o
    0x00014876   0x00000002   PAD
    0x00014878   0x00000036   Code   RO        22709    .text.mbed_init     BUILD/K64F/ARM/mbed-os/rtos/TARGET_CORTEX/mbed_boot.o
    0x000148ae   0x00000002   Code   RO        22715    .text.mbed_main     BUILD/K64F/ARM/mbed-os/rtos/TARGET_CORTEX/mbed_boot.o
    0x000148b0   0x00000004   Code   RO        22723    .text.mbed_rtos_init  BUILD/K64F/ARM/mbed-os/rtos/TARGET_CORTEX/mbed_rtos_rtx.o
    0x000148b4   0x000000e4   Code   RO        22725    .text.mbed_rtos_start  BUILD/K64F/ARM/mbed-os/rtos/TARGET_CORTEX/mbed_rtos_rtx.o
    0x00014998   0x0000006c   Code   RO        23455    .text.mbed_sdk_init  BUILD/K64F/ARM/mbed-os/targets/TARGET_Freescale/TARGET_MCUXpresso_MCUS/TARGET_MCU_K64F/TARGET_FRDM/mbed_overrides.o
    0x00014a04   0x00000016   Code   RO        22713    .text.mbed_start    BUILD/K64F/ARM/mbed-os/rtos/TARGET_CORTEX/mbed_boot.o
    0x00014a1a   0x0000001a   Code   RO        22691    .text.mbed_toolchain_init  BUILD/K64F/ARM/mbed-os/rtos/TARGET_CORTEX/TOOLCHAIN_ARM_STD/mbed_boot_arm_std.o
    0x00014a34   0x0000000e   Code   RO        22210    .text.mbed_warning  BUILD/K64F/ARM/mbed-os/platform/mbed_error.o
    0x00014a42   0x00000004   Code   RO         5511    .text.ns_list_get_next_  BUILD/K64F/ARM/mbed-os/features/frameworks/nanostack-libservice/source/libList/ns_list.o
    0x00014a46   0x0000002e   Code   RO         5517    .text.ns_list_remove_  BUILD/K64F/ARM/mbed-os/features/frameworks/nanostack-libservice/source/libList/ns_list.o
    0x00014a74   0x0000003a   Code   RO        19122    .text.nsapi_dns_add_server  BUILD/K64F/ARM/mbed-os/features/netsocket/nsapi_dns.o
    0x00014aae   0x000000bc   Code   RO        22323    .text.open          BUILD/K64F/ARM/mbed-os/platform/mbed_retarget.o
    0x00014b6a   0x00000030   Code   RO        22831    .text.osDelay       BUILD/K64F/ARM/mbed-os/rtos/TARGET_CORTEX/rtx5/RTX/Source/rtx_delay.o
    0x00014b9a   0x0000002e   Code   RO        22857    .text.osEventFlagsDelete  BUILD/K64F/ARM/mbed-os/rtos/TARGET_CORTEX/rtx5/RTX/Source/rtx_evflags.o
    0x00014bc8   0x00000032   Code   RO        22841    .text.osEventFlagsNew  BUILD/K64F/ARM/mbed-os/rtos/TARGET_CORTEX/rtx5/RTX/Source/rtx_evflags.o
    0x00014bfa   0x00000056   Code   RO        22845    .text.osEventFlagsSet  BUILD/K64F/ARM/mbed-os/rtos/TARGET_CORTEX/rtx5/RTX/Source/rtx_evflags.o
    0x00014c50   0x0000004e   Code   RO        22855    .text.osEventFlagsWait  BUILD/K64F/ARM/mbed-os/rtos/TARGET_CORTEX/rtx5/RTX/Source/rtx_evflags.o
    0x00014c9e   0x00000032   Code   RO        22905    .text.osKernelGetState  BUILD/K64F/ARM/mbed-os/rtos/TARGET_CORTEX/rtx5/RTX/Source/rtx_kernel.o
    0x00014cd0   0x0000002a   Code   RO        22921    .text.osKernelGetTickCount  BUILD/K64F/ARM/mbed-os/rtos/TARGET_CORTEX/rtx5/RTX/Source/rtx_kernel.o
    0x00014cfa   0x00000032   Code   RO        22899    .text.osKernelInitialize  BUILD/K64F/ARM/mbed-os/rtos/TARGET_CORTEX/rtx5/RTX/Source/rtx_kernel.o
    0x00014d2c   0x0000002e   Code   RO        22909    .text.osKernelStart  BUILD/K64F/ARM/mbed-os/rtos/TARGET_CORTEX/rtx5/RTX/Source/rtx_kernel.o
    0x00014d5a   0x0000007c   Code   RO        23033    .text.osMessageQueueGet  BUILD/K64F/ARM/mbed-os/rtos/TARGET_CORTEX/rtx5/RTX/Source/rtx_msgqueue.o
    0x00014dd6   0x00000032   Code   RO        23027    .text.osMessageQueueNew  BUILD/K64F/ARM/mbed-os/rtos/TARGET_CORTEX/rtx5/RTX/Source/rtx_msgqueue.o
    0x00014e08   0x00000084   Code   RO        23031    .text.osMessageQueuePut  BUILD/K64F/ARM/mbed-os/rtos/TARGET_CORTEX/rtx5/RTX/Source/rtx_msgqueue.o
    0x00014e8c   0x0000002e   Code   RO        23081    .text.osMutexAcquire  BUILD/K64F/ARM/mbed-os/rtos/TARGET_CORTEX/rtx5/RTX/Source/rtx_mutex.o
    0x00014eba   0x0000002e   Code   RO        23087    .text.osMutexDelete  BUILD/K64F/ARM/mbed-os/rtos/TARGET_CORTEX/rtx5/RTX/Source/rtx_mutex.o
    0x00014ee8   0x00000022   Code   RO        23085    .text.osMutexGetOwner  BUILD/K64F/ARM/mbed-os/rtos/TARGET_CORTEX/rtx5/RTX/Source/rtx_mutex.o
    0x00014f0a   0x00000032   Code   RO        23077    .text.osMutexNew    BUILD/K64F/ARM/mbed-os/rtos/TARGET_CORTEX/rtx5/RTX/Source/rtx_mutex.o
    0x00014f3c   0x0000002e   Code   RO        23083    .text.osMutexRelease  BUILD/K64F/ARM/mbed-os/rtos/TARGET_CORTEX/rtx5/RTX/Source/rtx_mutex.o
    0x00014f6a   0x00000002   PAD
    0x00014f6c   0x000000fc   Code   RO        22739    .text.osRtxErrorNotify  BUILD/K64F/ARM/mbed-os/rtos/TARGET_CORTEX/mbed_rtx_handlers.o
    0x00015068   0x00000038   Code   RO        22861    .text.osRtxEventFlagsPostProcess  BUILD/K64F/ARM/mbed-os/rtos/TARGET_CORTEX/rtx5/RTX/Source/rtx_evflags.o
    0x000150a0   0x00000004   Code   RO        22737    .text.osRtxIdleThread  BUILD/K64F/ARM/mbed-os/rtos/TARGET_CORTEX/mbed_rtx_handlers.o
    0x000150a4   0x00000002   Code   RO        22957    .text.osRtxKernelPreInit  BUILD/K64F/ARM/mbed-os/rtos/TARGET_CORTEX/rtx5/RTX/Source/rtx_lib.o
    0x000150a6   0x00000002   PAD
    0x000150a8   0x0000008a   Code   RO        22975    .text.osRtxMemoryAlloc  BUILD/K64F/ARM/mbed-os/rtos/TARGET_CORTEX/rtx5/RTX/Source/rtx_memory.o
    0x00015132   0x00000002   PAD
    0x00015134   0x0000004e   Code   RO        22977    .text.osRtxMemoryFree  BUILD/K64F/ARM/mbed-os/rtos/TARGET_CORTEX/rtx5/RTX/Source/rtx_memory.o
    0x00015182   0x00000038   Code   RO        22973    .text.osRtxMemoryInit  BUILD/K64F/ARM/mbed-os/rtos/TARGET_CORTEX/rtx5/RTX/Source/rtx_memory.o
    0x000151ba   0x0000003a   Code   RO        22983    .text.osRtxMemoryPoolAlloc  BUILD/K64F/ARM/mbed-os/rtos/TARGET_CORTEX/rtx5/RTX/Source/rtx_mempool.o
    0x000151f4   0x0000004a   Code   RO        22985    .text.osRtxMemoryPoolFree  BUILD/K64F/ARM/mbed-os/rtos/TARGET_CORTEX/rtx5/RTX/Source/rtx_mempool.o
    0x0001523e   0x00000002   PAD
    0x00015240   0x00000052   Code   RO        22981    .text.osRtxMemoryPoolInit  BUILD/K64F/ARM/mbed-os/rtos/TARGET_CORTEX/rtx5/RTX/Source/rtx_mempool.o
    0x00015292   0x000000dc   Code   RO        23057    .text.osRtxMessageQueuePostProcess  BUILD/K64F/ARM/mbed-os/rtos/TARGET_CORTEX/rtx5/RTX/Source/rtx_msgqueue.o
    0x0001536e   0x00000002   PAD
    0x00015370   0x00000046   Code   RO        23075    .text.osRtxMutexOwnerRelease  BUILD/K64F/ARM/mbed-os/rtos/TARGET_CORTEX/rtx5/RTX/Source/rtx_mutex.o
    0x000153b6   0x00000002   PAD
    0x000153b8   0x000000a2   Code   RO        23133    .text.osRtxPendSV_Handler  BUILD/K64F/ARM/mbed-os/rtos/TARGET_CORTEX/rtx5/RTX/Source/rtx_system.o
    0x0001545a   0x00000076   Code   RO        23135    .text.osRtxPostProcess  BUILD/K64F/ARM/mbed-os/rtos/TARGET_CORTEX/rtx5/RTX/Source/rtx_system.o
    0x000154d0   0x00000036   Code   RO        23119    .text.osRtxSemaphorePostProcess  BUILD/K64F/ARM/mbed-os/rtos/TARGET_CORTEX/rtx5/RTX/Source/rtx_semaphore.o
    0x00015506   0x00000002   PAD
    0x00015508   0x0000009a   Code   RO        23165    .text.osRtxThreadDelayInsert  BUILD/K64F/ARM/mbed-os/rtos/TARGET_CORTEX/rtx5/RTX/Source/rtx_thread.o
    0x000155a2   0x0000006e   Code   RO        23161    .text.osRtxThreadDelayRemove  BUILD/K64F/ARM/mbed-os/rtos/TARGET_CORTEX/rtx5/RTX/Source/rtx_thread.o
    0x00015610   0x00000044   Code   RO        23149    .text.osRtxThreadDelayTick  BUILD/K64F/ARM/mbed-os/rtos/TARGET_CORTEX/rtx5/RTX/Source/rtx_thread.o
    0x00015654   0x00000102   Code   RO        23157    .text.osRtxThreadDispatch  BUILD/K64F/ARM/mbed-os/rtos/TARGET_CORTEX/rtx5/RTX/Source/rtx_thread.o
    0x00015756   0x00000064   Code   RO        23239    .text.osRtxThreadFree  BUILD/K64F/ARM/mbed-os/rtos/TARGET_CORTEX/rtx5/RTX/Source/rtx_thread.o
    0x000157ba   0x00000014   Code   RO        23141    .text.osRtxThreadListGet  BUILD/K64F/ARM/mbed-os/rtos/TARGET_CORTEX/rtx5/RTX/Source/rtx_thread.o
    0x000157ce   0x00000002   PAD
    0x000157d0   0x0000002e   Code   RO        23139    .text.osRtxThreadListPut  BUILD/K64F/ARM/mbed-os/rtos/TARGET_CORTEX/rtx5/RTX/Source/rtx_thread.o
    0x000157fe   0x00000014   Code   RO        23145    .text.osRtxThreadListRemove  BUILD/K64F/ARM/mbed-os/rtos/TARGET_CORTEX/rtx5/RTX/Source/rtx_thread.o
    0x00015812   0x00000002   PAD
    0x00015814   0x0000004a   Code   RO        23143    .text.osRtxThreadListSort  BUILD/K64F/ARM/mbed-os/rtos/TARGET_CORTEX/rtx5/RTX/Source/rtx_thread.o
    0x0001585e   0x00000002   PAD
    0x00015860   0x0000006a   Code   RO        23215    .text.osRtxThreadPostProcess  BUILD/K64F/ARM/mbed-os/rtos/TARGET_CORTEX/rtx5/RTX/Source/rtx_thread.o
    0x000158ca   0x00000002   PAD
    0x000158cc   0x0000003e   Code   RO        23147    .text.osRtxThreadReadyPut  BUILD/K64F/ARM/mbed-os/rtos/TARGET_CORTEX/rtx5/RTX/Source/rtx_thread.o
    0x0001590a   0x00000014   Code   RO        23151    .text.osRtxThreadRegPtr  BUILD/K64F/ARM/mbed-os/rtos/TARGET_CORTEX/rtx5/RTX/Source/rtx_thread.o
    0x0001591e   0x0000002a   Code   RO        23155    .text.osRtxThreadStackCheck  BUILD/K64F/ARM/mbed-os/rtos/TARGET_CORTEX/rtx5/RTX/Source/rtx_thread.o
    0x00015948   0x0000005c   Code   RO        23167    .text.osRtxThreadStartup  BUILD/K64F/ARM/mbed-os/rtos/TARGET_CORTEX/rtx5/RTX/Source/rtx_thread.o
    0x000159a4   0x00000012   Code   RO        23153    .text.osRtxThreadSwitch  BUILD/K64F/ARM/mbed-os/rtos/TARGET_CORTEX/rtx5/RTX/Source/rtx_thread.o
    0x000159b6   0x0000004c   Code   RO        23163    .text.osRtxThreadWaitEnter  BUILD/K64F/ARM/mbed-os/rtos/TARGET_CORTEX/rtx5/RTX/Source/rtx_thread.o
    0x00015a02   0x00000032   Code   RO        23159    .text.osRtxThreadWaitExit  BUILD/K64F/ARM/mbed-os/rtos/TARGET_CORTEX/rtx5/RTX/Source/rtx_thread.o
    0x00015a34   0x00000074   Code   RO        23131    .text.osRtxTick_Handler  BUILD/K64F/ARM/mbed-os/rtos/TARGET_CORTEX/rtx5/RTX/Source/rtx_system.o
    0x00015aa8   0x0000004c   Code   RO        23261    .text.osRtxTimerThread  BUILD/K64F/ARM/mbed-os/rtos/TARGET_CORTEX/rtx5/RTX/Source/rtx_timer.o
    0x00015af4   0x0000005a   Code   RO        23263    .text.osRtxTimerTick  BUILD/K64F/ARM/mbed-os/rtos/TARGET_CORTEX/rtx5/RTX/Source/rtx_timer.o
    0x00015b4e   0x0000005e   Code   RO        23107    .text.osSemaphoreAcquire  BUILD/K64F/ARM/mbed-os/rtos/TARGET_CORTEX/rtx5/RTX/Source/rtx_semaphore.o
    0x00015bac   0x0000002e   Code   RO        23115    .text.osSemaphoreDelete  BUILD/K64F/ARM/mbed-os/rtos/TARGET_CORTEX/rtx5/RTX/Source/rtx_semaphore.o
    0x00015bda   0x0000002e   Code   RO        23111    .text.osSemaphoreGetCount  BUILD/K64F/ARM/mbed-os/rtos/TARGET_CORTEX/rtx5/RTX/Source/rtx_semaphore.o
    0x00015c08   0x00000032   Code   RO        23103    .text.osSemaphoreNew  BUILD/K64F/ARM/mbed-os/rtos/TARGET_CORTEX/rtx5/RTX/Source/rtx_semaphore.o
    0x00015c3a   0x00000076   Code   RO        23109    .text.osSemaphoreRelease  BUILD/K64F/ARM/mbed-os/rtos/TARGET_CORTEX/rtx5/RTX/Source/rtx_semaphore.o
    0x00015cb0   0x0000001a   Code   RO        23199    .text.osThreadExit  BUILD/K64F/ARM/mbed-os/rtos/TARGET_CORTEX/rtx5/RTX/Source/rtx_thread.o
    0x00015cca   0x0000002a   Code   RO        23175    .text.osThreadGetId  BUILD/K64F/ARM/mbed-os/rtos/TARGET_CORTEX/rtx5/RTX/Source/rtx_thread.o
    0x00015cf4   0x00000032   Code   RO        23171    .text.osThreadNew   BUILD/K64F/ARM/mbed-os/rtos/TARGET_CORTEX/rtx5/RTX/Source/rtx_thread.o
    0x00015d26   0x00000038   Code   RO        23201    .text.osThreadTerminate  BUILD/K64F/ARM/mbed-os/rtos/TARGET_CORTEX/rtx5/RTX/Source/rtx_thread.o
    0x00015d5e   0x00000002   PAD
    0x00015d60   0x00000070   Code   RO        25054    .text.pin_function  BUILD/K64F/ARM/mbed-os/targets/TARGET_Freescale/TARGET_MCUXpresso_MCUS/api/pinmap.o
    0x00015dd0   0x00000066   Code   RO        25056    .text.pin_mode      BUILD/K64F/ARM/mbed-os/targets/TARGET_Freescale/TARGET_MCUXpresso_MCUS/api/pinmap.o
    0x00015e36   0x00000002   PAD
    0x00015e38   0x00000044   Code   RO        21824    .text.pinmap_merge  BUILD/K64F/ARM/mbed-os/hal/mbed_pinmap_common.o
    0x00015e7c   0x0000006c   Code   RO        21828    .text.pinmap_peripheral  BUILD/K64F/ARM/mbed-os/hal/mbed_pinmap_common.o
    0x00015ee8   0x00000068   Code   RO        21822    .text.pinmap_pinout  BUILD/K64F/ARM/mbed-os/hal/mbed_pinmap_common.o
    0x00015f50   0x00000022   Code   RO        24869    .text.pit_isr       BUILD/K64F/ARM/mbed-os/targets/TARGET_Freescale/TARGET_MCUXpresso_MCUS/TARGET_MCU_K64F/us_ticker.o
    0x00015f72   0x00000002   PAD
    0x00015f74   0x00000170   Code   RO         1195    .text.print_context_info  BUILD/K64F/ARM/mbed-os/cmsis/TARGET_CORTEX_M/mbed_fault_handler.o
    0x000160e4   0x000001c0   Code   RO        22194    .text.print_error_report  BUILD/K64F/ARM/mbed-os/platform/mbed_error.o
    0x000162a4   0x00000012   Code   RO        24660    .text.pwmout_free   BUILD/K64F/ARM/mbed-os/targets/TARGET_Freescale/TARGET_MCUXpresso_MCUS/TARGET_MCU_K64F/pwmout_api.o
    0x000162b6   0x00000002   PAD
    0x000162b8   0x00000104   Code   RO        24658    .text.pwmout_init   BUILD/K64F/ARM/mbed-os/targets/TARGET_Freescale/TARGET_MCUXpresso_MCUS/TARGET_MCU_K64F/pwmout_api.o
    0x000163bc   0x00000018   Code   RO        24666    .text.pwmout_period  BUILD/K64F/ARM/mbed-os/targets/TARGET_Freescale/TARGET_MCUXpresso_MCUS/TARGET_MCU_K64F/pwmout_api.o
    0x000163d4   0x000000b0   Code   RO        24668    .text.pwmout_period_us  BUILD/K64F/ARM/mbed-os/targets/TARGET_Freescale/TARGET_MCUXpresso_MCUS/TARGET_MCU_K64F/pwmout_api.o
    0x00016484   0x00000058   Code   RO        24664    .text.pwmout_read   BUILD/K64F/ARM/mbed-os/targets/TARGET_Freescale/TARGET_MCUXpresso_MCUS/TARGET_MCU_K64F/pwmout_api.o
    0x000164dc   0x00000064   Code   RO        24662    .text.pwmout_write  BUILD/K64F/ARM/mbed-os/targets/TARGET_Freescale/TARGET_MCUXpresso_MCUS/TARGET_MCU_K64F/pwmout_api.o
    0x00016540   0x0000000c   Code   RO          983    .text.readChar      BUILD/K64F/ARM/MQTT/MQTTPacket/MQTTPacket.o
    0x0001654c   0x00000010   Code   RO          981    .text.readInt       BUILD/K64F/ARM/MQTT/MQTTPacket/MQTTPacket.o
    0x0001655c   0x0000003e   Code   RO          995    .text.readMQTTLenString  BUILD/K64F/ARM/MQTT/MQTTPacket/MQTTPacket.o
    0x0001659a   0x00000002   PAD
    0x0001659c   0x0000000e   Code   RO        22773    .text.rtos_idle_loop  BUILD/K64F/ARM/mbed-os/rtos/TARGET_CORTEX/mbed_rtx_idle.o
    0x000165aa   0x00000002   PAD
    0x000165ac   0x00000144   Code   RO        21864    .text.schedule_interrupt  BUILD/K64F/ARM/mbed-os/hal/mbed_ticker_api.o
    0x000166f0   0x0000002e   Code   RO        24689    .text.serial_baud   BUILD/K64F/ARM/mbed-os/targets/TARGET_Freescale/TARGET_MCUXpresso_MCUS/TARGET_MCU_K64F/serial_api.o
    0x0001671e   0x00000002   PAD
    0x00016720   0x00000020   Code   RO        24709    .text.serial_getc   BUILD/K64F/ARM/mbed-os/targets/TARGET_Freescale/TARGET_MCUXpresso_MCUS/TARGET_MCU_K64F/serial_api.o
    0x00016740   0x00000130   Code   RO        24685    .text.serial_init   BUILD/K64F/ARM/mbed-os/targets/TARGET_Freescale/TARGET_MCUXpresso_MCUS/TARGET_MCU_K64F/serial_api.o
    0x00016870   0x0000001a   Code   RO        24705    .text.serial_irq_handler  BUILD/K64F/ARM/mbed-os/targets/TARGET_Freescale/TARGET_MCUXpresso_MCUS/TARGET_MCU_K64F/serial_api.o
    0x0001688a   0x00000002   PAD
    0x0001688c   0x00000126   Code   RO        24707    .text.serial_irq_set  BUILD/K64F/ARM/mbed-os/targets/TARGET_Freescale/TARGET_MCUXpresso_MCUS/TARGET_MCU_K64F/serial_api.o
    0x000169b2   0x00000002   PAD
    0x000169b4   0x00000024   Code   RO        24713    .text.serial_putc   BUILD/K64F/ARM/mbed-os/targets/TARGET_Freescale/TARGET_MCUXpresso_MCUS/TARGET_MCU_K64F/serial_api.o
    0x000169d8   0x0000002e   Code   RO        24711    .text.serial_readable  BUILD/K64F/ARM/mbed-os/targets/TARGET_Freescale/TARGET_MCUXpresso_MCUS/TARGET_MCU_K64F/serial_api.o
    0x00016a06   0x00000002   PAD
    0x00016a08   0x000000b6   Code   RO        24733    .text.serial_set_flow_control  BUILD/K64F/ARM/mbed-os/targets/TARGET_Freescale/TARGET_MCUXpresso_MCUS/TARGET_MCU_K64F/serial_api.o
    0x00016abe   0x0000002e   Code   RO        24715    .text.serial_writable  BUILD/K64F/ARM/mbed-os/targets/TARGET_Freescale/TARGET_MCUXpresso_MCUS/TARGET_MCU_K64F/serial_api.o
    0x00016aec   0x00000074   Code   RO        22510    .text.sleep_manager_lock_deep_sleep_internal  BUILD/K64F/ARM/mbed-os/platform/mbed_sleep_manager.o
    0x00016b60   0x00000024   Code   RO        22518    .text.sleep_manager_sleep_auto  BUILD/K64F/ARM/mbed-os/platform/mbed_sleep_manager.o
    0x00016b84   0x00000068   Code   RO        22512    .text.sleep_manager_unlock_deep_sleep_internal  BUILD/K64F/ARM/mbed-os/platform/mbed_sleep_manager.o
    0x00016bec   0x000000bc   Code   RO        24773    .text.spi_format    BUILD/K64F/ARM/mbed-os/targets/TARGET_Freescale/TARGET_MCUXpresso_MCUS/TARGET_MCU_K64F/spi_api.o
    0x00016ca8   0x00000056   Code   RO        24775    .text.spi_frequency  BUILD/K64F/ARM/mbed-os/targets/TARGET_Freescale/TARGET_MCUXpresso_MCUS/TARGET_MCU_K64F/spi_api.o
    0x00016cfe   0x00000050   Code   RO        24767    .text.spi_get_peripheral_name  BUILD/K64F/ARM/mbed-os/targets/TARGET_Freescale/TARGET_MCUXpresso_MCUS/TARGET_MCU_K64F/spi_api.o
    0x00016d4e   0x00000002   PAD
    0x00016d50   0x000000f4   Code   RO        24769    .text.spi_init      BUILD/K64F/ARM/mbed-os/targets/TARGET_Freescale/TARGET_MCUXpresso_MCUS/TARGET_MCU_K64F/spi_api.o
    0x00016e44   0x00000056   Code   RO        24779    .text.spi_master_block_write  BUILD/K64F/ARM/mbed-os/targets/TARGET_Freescale/TARGET_MCUXpresso_MCUS/TARGET_MCU_K64F/spi_api.o
    0x00016e9a   0x00000002   PAD
    0x00016e9c   0x0000004e   Code   RO        24777    .text.spi_master_write  BUILD/K64F/ARM/mbed-os/targets/TARGET_Freescale/TARGET_MCUXpresso_MCUS/TARGET_MCU_K64F/spi_api.o
    0x00016eea   0x00000002   PAD
    0x00016eec   0x00000074   Code   RO         5531    .text.stoip4        BUILD/K64F/ARM/mbed-os/features/frameworks/nanostack-libservice/source/libip4string/stoip4.o
    0x00016f60   0x0000013a   Code   RO         5541    .text.stoip6        BUILD/K64F/ARM/mbed-os/features/frameworks/nanostack-libservice/source/libip6string/stoip6.o
    0x0001709a   0x00000014   Code   RO        22835    .text.svcRtxDelay   BUILD/K64F/ARM/mbed-os/rtos/TARGET_CORTEX/rtx5/RTX/Source/rtx_delay.o
    0x000170ae   0x00000002   PAD
    0x000170b0   0x0000006c   Code   RO        22871    .text.svcRtxEventFlagsDelete  BUILD/K64F/ARM/mbed-os/rtos/TARGET_CORTEX/rtx5/RTX/Source/rtx_evflags.o
    0x0001711c   0x00000080   Code   RO        22859    .text.svcRtxEventFlagsNew  BUILD/K64F/ARM/mbed-os/rtos/TARGET_CORTEX/rtx5/RTX/Source/rtx_evflags.o
    0x0001719c   0x00000088   Code   RO        22867    .text.svcRtxEventFlagsSet  BUILD/K64F/ARM/mbed-os/rtos/TARGET_CORTEX/rtx5/RTX/Source/rtx_evflags.o
    0x00017224   0x00000084   Code   RO        22869    .text.svcRtxEventFlagsWait  BUILD/K64F/ARM/mbed-os/rtos/TARGET_CORTEX/rtx5/RTX/Source/rtx_evflags.o
    0x000172a8   0x0000000c   Code   RO        22907    .text.svcRtxKernelGetState  BUILD/K64F/ARM/mbed-os/rtos/TARGET_CORTEX/rtx5/RTX/Source/rtx_kernel.o
    0x000172b4   0x0000000c   Code   RO        22923    .text.svcRtxKernelGetTickCount  BUILD/K64F/ARM/mbed-os/rtos/TARGET_CORTEX/rtx5/RTX/Source/rtx_kernel.o
    0x000172c0   0x00000176   Code   RO        22937    .text.svcRtxKernelInitialize  BUILD/K64F/ARM/mbed-os/rtos/TARGET_CORTEX/rtx5/RTX/Source/rtx_kernel.o
    0x00017436   0x000000a8   Code   RO        22939    .text.svcRtxKernelStart  BUILD/K64F/ARM/mbed-os/rtos/TARGET_CORTEX/rtx5/RTX/Source/rtx_kernel.o
    0x000174de   0x00000100   Code   RO        23067    .text.svcRtxMessageQueueGet  BUILD/K64F/ARM/mbed-os/rtos/TARGET_CORTEX/rtx5/RTX/Source/rtx_msgqueue.o
    0x000175de   0x00000158   Code   RO        23055    .text.svcRtxMessageQueueNew  BUILD/K64F/ARM/mbed-os/rtos/TARGET_CORTEX/rtx5/RTX/Source/rtx_msgqueue.o
    0x00017736   0x000000c0   Code   RO        23063    .text.svcRtxMessageQueuePut  BUILD/K64F/ARM/mbed-os/rtos/TARGET_CORTEX/rtx5/RTX/Source/rtx_msgqueue.o
    0x000177f6   0x000000b0   Code   RO        23093    .text.svcRtxMutexAcquire  BUILD/K64F/ARM/mbed-os/rtos/TARGET_CORTEX/rtx5/RTX/Source/rtx_mutex.o
    0x000178a6   0x00000002   PAD
    0x000178a8   0x000000be   Code   RO        23099    .text.svcRtxMutexDelete  BUILD/K64F/ARM/mbed-os/rtos/TARGET_CORTEX/rtx5/RTX/Source/rtx_mutex.o
    0x00017966   0x00000014   Code   RO        23097    .text.svcRtxMutexGetOwner  BUILD/K64F/ARM/mbed-os/rtos/TARGET_CORTEX/rtx5/RTX/Source/rtx_mutex.o
    0x0001797a   0x00000078   Code   RO        23089    .text.svcRtxMutexNew  BUILD/K64F/ARM/mbed-os/rtos/TARGET_CORTEX/rtx5/RTX/Source/rtx_mutex.o
    0x000179f2   0x000000d4   Code   RO        23095    .text.svcRtxMutexRelease  BUILD/K64F/ARM/mbed-os/rtos/TARGET_CORTEX/rtx5/RTX/Source/rtx_mutex.o
    0x00017ac6   0x00000066   Code   RO        23123    .text.svcRtxSemaphoreAcquire  BUILD/K64F/ARM/mbed-os/rtos/TARGET_CORTEX/rtx5/RTX/Source/rtx_semaphore.o
    0x00017b2c   0x0000006c   Code   RO        23127    .text.svcRtxSemaphoreDelete  BUILD/K64F/ARM/mbed-os/rtos/TARGET_CORTEX/rtx5/RTX/Source/rtx_semaphore.o
    0x00017b98   0x00000010   Code   RO        23113    .text.svcRtxSemaphoreGetCount  BUILD/K64F/ARM/mbed-os/rtos/TARGET_CORTEX/rtx5/RTX/Source/rtx_semaphore.o
    0x00017ba8   0x000000a0   Code   RO        23117    .text.svcRtxSemaphoreNew  BUILD/K64F/ARM/mbed-os/rtos/TARGET_CORTEX/rtx5/RTX/Source/rtx_semaphore.o
    0x00017c48   0x00000066   Code   RO        23125    .text.svcRtxSemaphoreRelease  BUILD/K64F/ARM/mbed-os/rtos/TARGET_CORTEX/rtx5/RTX/Source/rtx_semaphore.o
    0x00017cae   0x00000002   PAD
    0x00017cb0   0x000000c0   Code   RO        23243    .text.svcRtxThreadExit  BUILD/K64F/ARM/mbed-os/rtos/TARGET_CORTEX/rtx5/RTX/Source/rtx_thread.o
    0x00017d70   0x0000000c   Code   RO        23177    .text.svcRtxThreadGetId  BUILD/K64F/ARM/mbed-os/rtos/TARGET_CORTEX/rtx5/RTX/Source/rtx_thread.o
    0x00017d7c   0x00000224   Code   RO        23169    .text.svcRtxThreadNew  BUILD/K64F/ARM/mbed-os/rtos/TARGET_CORTEX/rtx5/RTX/Source/rtx_thread.o
    0x00017fa0   0x00000146   Code   RO        23245    .text.svcRtxThreadTerminate  BUILD/K64F/ARM/mbed-os/rtos/TARGET_CORTEX/rtx5/RTX/Source/rtx_thread.o
    0x000180e6   0x00000004   Code   RO        22214    .text.system_reset  BUILD/K64F/ARM/mbed-os/platform/mbed_error.o
    0x000180ea   0x00000002   PAD
    0x000180ec   0x00000062   Code   RO        21860    .text.ticker_irq_handler  BUILD/K64F/ARM/mbed-os/hal/mbed_ticker_api.o
    0x0001814e   0x00000008   Code   RO        21872    .text.ticker_read   BUILD/K64F/ARM/mbed-os/hal/mbed_ticker_api.o
    0x00018156   0x00000022   Code   RO        21874    .text.ticker_read_us  BUILD/K64F/ARM/mbed-os/hal/mbed_ticker_api.o
    0x00018178   0x0000002a   Code   RO        22743    .text.trap_rtx_error  BUILD/K64F/ARM/mbed-os/rtos/TARGET_CORTEX/mbed_rtx_handlers.o
    0x000181a2   0x00000048   Code   RO        24693    .text.uart0_irq     BUILD/K64F/ARM/mbed-os/targets/TARGET_Freescale/TARGET_MCUXpresso_MCUS/TARGET_MCU_K64F/serial_api.o
    0x000181ea   0x00000048   Code   RO        24695    .text.uart1_irq     BUILD/K64F/ARM/mbed-os/targets/TARGET_Freescale/TARGET_MCUXpresso_MCUS/TARGET_MCU_K64F/serial_api.o
    0x00018232   0x00000048   Code   RO        24697    .text.uart2_irq     BUILD/K64F/ARM/mbed-os/targets/TARGET_Freescale/TARGET_MCUXpresso_MCUS/TARGET_MCU_K64F/serial_api.o
    0x0001827a   0x00000048   Code   RO        24699    .text.uart3_irq     BUILD/K64F/ARM/mbed-os/targets/TARGET_Freescale/TARGET_MCUXpresso_MCUS/TARGET_MCU_K64F/serial_api.o
    0x000182c2   0x00000048   Code   RO        24701    .text.uart4_irq     BUILD/K64F/ARM/mbed-os/targets/TARGET_Freescale/TARGET_MCUXpresso_MCUS/TARGET_MCU_K64F/serial_api.o
    0x0001830a   0x00000048   Code   RO        24703    .text.uart5_irq     BUILD/K64F/ARM/mbed-os/targets/TARGET_Freescale/TARGET_MCUXpresso_MCUS/TARGET_MCU_K64F/serial_api.o
    0x00018352   0x000000e8   Code   RO        21862    .text.update_present_time  BUILD/K64F/ARM/mbed-os/hal/mbed_ticker_api.o
    0x0001843a   0x0000000e   Code   RO        24875    .text.us_ticker_clear_interrupt  BUILD/K64F/ARM/mbed-os/targets/TARGET_Freescale/TARGET_MCUXpresso_MCUS/TARGET_MCU_K64F/us_ticker.o
    0x00018448   0x00000012   Code   RO        24873    .text.us_ticker_disable_interrupt  BUILD/K64F/ARM/mbed-os/targets/TARGET_Freescale/TARGET_MCUXpresso_MCUS/TARGET_MCU_K64F/us_ticker.o
    0x0001845a   0x00000010   Code   RO        24879    .text.us_ticker_fire_interrupt  BUILD/K64F/ARM/mbed-os/targets/TARGET_Freescale/TARGET_MCUXpresso_MCUS/TARGET_MCU_K64F/us_ticker.o
    0x0001846a   0x00000054   Code   RO        24881    .text.us_ticker_free  BUILD/K64F/ARM/mbed-os/targets/TARGET_Freescale/TARGET_MCUXpresso_MCUS/TARGET_MCU_K64F/us_ticker.o
    0x000184be   0x0000000a   Code   RO        24865    .text.us_ticker_get_info  BUILD/K64F/ARM/mbed-os/targets/TARGET_Freescale/TARGET_MCUXpresso_MCUS/TARGET_MCU_K64F/us_ticker.o
    0x000184c8   0x000000ae   Code   RO        24867    .text.us_ticker_init  BUILD/K64F/ARM/mbed-os/targets/TARGET_Freescale/TARGET_MCUXpresso_MCUS/TARGET_MCU_K64F/us_ticker.o
    0x00018576   0x00000018   Code   RO        21889    .text.us_ticker_irq_handler  BUILD/K64F/ARM/mbed-os/hal/mbed_us_ticker_api.o
    0x0001858e   0x0000000e   Code   RO        24871    .text.us_ticker_read  BUILD/K64F/ARM/mbed-os/targets/TARGET_Freescale/TARGET_MCUXpresso_MCUS/TARGET_MCU_K64F/us_ticker.o
    0x0001859c   0x00000048   Code   RO        24877    .text.us_ticker_set_interrupt  BUILD/K64F/ARM/mbed-os/targets/TARGET_Freescale/TARGET_MCUXpresso_MCUS/TARGET_MCU_K64F/us_ticker.o
    0x000185e4   0x0000009c   Code   RO        22541    .text.wait          BUILD/K64F/ARM/mbed-os/platform/mbed_wait_api_rtos.o
    0x00018680   0x0000003a   Code   RO        22543    .text.wait_ms       BUILD/K64F/ARM/mbed-os/platform/mbed_wait_api_rtos.o
    0x000186ba   0x00000002   PAD
    0x000186bc   0x00000080   Code   RO        22545    .text.wait_us       BUILD/K64F/ARM/mbed-os/platform/mbed_wait_api_rtos.o
    0x0001873c   0x00000030   Code   RO        22331    .text.write         BUILD/K64F/ARM/mbed-os/platform/mbed_retarget.o
    0x0001876c   0x00000038   Code   RO          989    .text.writeCString  BUILD/K64F/ARM/MQTT/MQTTPacket/MQTTPacket.o
    0x000187a4   0x0000000c   Code   RO          985    .text.writeChar     BUILD/K64F/ARM/MQTT/MQTTPacket/MQTTPacket.o
    0x000187b0   0x0000001c   Code   RO          987    .text.writeInt      BUILD/K64F/ARM/MQTT/MQTTPacket/MQTTPacket.o
    0x000187cc   0x00000066   Code   RO          993    .text.writeMQTTString  BUILD/K64F/ARM/MQTT/MQTTPacket/MQTTPacket.o
    0x00018832   0x0000003e   Code   RO        26878    CL$$btod_d2e        c:\Users\Baru\AppData\Local\Mbed Studio\mbed-studio-tools\ac6\bin\..\lib\armlib\c_w.l(btod.o)
    0x00018870   0x00000046   Code   RO        26880    CL$$btod_d2e_denorm_low  c:\Users\Baru\AppData\Local\Mbed Studio\mbed-studio-tools\ac6\bin\..\lib\armlib\c_w.l(btod.o)
    0x000188b6   0x00000060   Code   RO        26879    CL$$btod_d2e_norm_op1  c:\Users\Baru\AppData\Local\Mbed Studio\mbed-studio-tools\ac6\bin\..\lib\armlib\c_w.l(btod.o)
    0x00018916   0x00000338   Code   RO        26888    CL$$btod_div_common  c:\Users\Baru\AppData\Local\Mbed Studio\mbed-studio-tools\ac6\bin\..\lib\armlib\c_w.l(btod.o)
    0x00018c4e   0x00000002   PAD
    0x00018c50   0x00000084   Code   RO        26886    CL$$btod_e2d        c:\Users\Baru\AppData\Local\Mbed Studio\mbed-studio-tools\ac6\bin\..\lib\armlib\c_w.l(btod.o)
    0x00018cd4   0x000000dc   Code   RO        26885    CL$$btod_e2e        c:\Users\Baru\AppData\Local\Mbed Studio\mbed-studio-tools\ac6\bin\..\lib\armlib\c_w.l(btod.o)
    0x00018db0   0x0000002a   Code   RO        26882    CL$$btod_ediv       c:\Users\Baru\AppData\Local\Mbed Studio\mbed-studio-tools\ac6\bin\..\lib\armlib\c_w.l(btod.o)
    0x00018dda   0x0000002a   Code   RO        26884    CL$$btod_edivd      c:\Users\Baru\AppData\Local\Mbed Studio\mbed-studio-tools\ac6\bin\..\lib\armlib\c_w.l(btod.o)
    0x00018e04   0x0000002a   Code   RO        26881    CL$$btod_emul       c:\Users\Baru\AppData\Local\Mbed Studio\mbed-studio-tools\ac6\bin\..\lib\armlib\c_w.l(btod.o)
    0x00018e2e   0x0000002a   Code   RO        26883    CL$$btod_emuld      c:\Users\Baru\AppData\Local\Mbed Studio\mbed-studio-tools\ac6\bin\..\lib\armlib\c_w.l(btod.o)
    0x00018e58   0x00000244   Code   RO        26887    CL$$btod_mult_common  c:\Users\Baru\AppData\Local\Mbed Studio\mbed-studio-tools\ac6\bin\..\lib\armlib\c_w.l(btod.o)
    0x0001909c   0x00000030   Code   RO        26980    i.__ARM_fpclassify  c:\Users\Baru\AppData\Local\Mbed Studio\mbed-studio-tools\ac6\bin\..\lib\armlib\m_wm.l(fpclassify.o)
    0x000190cc   0x00000004   PAD
    0x000190d0   0x000000f8   Code   RO        27021    i.__hardfp___mathlib_tofloat  c:\Users\Baru\AppData\Local\Mbed Studio\mbed-studio-tools\ac6\bin\..\lib\armlib\m_wm.l(narrow.o)
    0x000191c8   0x000000d0   Code   RO        26553    i.__hardfp_ldexp    c:\Users\Baru\AppData\Local\Mbed Studio\mbed-studio-tools\ac6\bin\..\lib\armlib\m_wm.l(ldexp.o)
    0x00019298   0x00000020   Code   RO        26827    i.__mathlib_dbl_overflow  c:\Users\Baru\AppData\Local\Mbed Studio\mbed-studio-tools\ac6\bin\..\lib\armlib\m_wm.l(dunder.o)
    0x000192b8   0x00000020   Code   RO        26829    i.__mathlib_dbl_underflow  c:\Users\Baru\AppData\Local\Mbed Studio\mbed-studio-tools\ac6\bin\..\lib\armlib\m_wm.l(dunder.o)
    0x000192d8   0x00000012   Code   RO        27022    i.__mathlib_narrow  c:\Users\Baru\AppData\Local\Mbed Studio\mbed-studio-tools\ac6\bin\..\lib\armlib\m_wm.l(narrow.o)
    0x000192ea   0x00000014   Code   RO        26555    i.__support_ldexp   c:\Users\Baru\AppData\Local\Mbed Studio\mbed-studio-tools\ac6\bin\..\lib\armlib\m_wm.l(ldexp.o)
    0x000192fe   0x0000000e   Code   RO        26274    i._is_digit         c:\Users\Baru\AppData\Local\Mbed Studio\mbed-studio-tools\ac6\bin\..\lib\armlib\c_w.l(__printf_wp.o)
    0x0001930c   0x0000001a   Code   RO        26321    i.fputc             c:\Users\Baru\AppData\Local\Mbed Studio\mbed-studio-tools\ac6\bin\..\lib\armlib\c_w.l(fputc.o)
    0x00019326   0x00000002   PAD
    0x00019328   0x0000008c   Code   RO        27049    i.frexp             c:\Users\Baru\AppData\Local\Mbed Studio\mbed-studio-tools\ac6\bin\..\lib\armlib\m_wm.l(frexp.o)
    0x000193b4   0x0000002c   Code   RO        26698    locale$$code        c:\Users\Baru\AppData\Local\Mbed Studio\mbed-studio-tools\ac6\bin\..\lib\armlib\c_w.l(lc_ctype_c.o)
    0x000193e0   0x0000002c   Code   RO        26929    locale$$code        c:\Users\Baru\AppData\Local\Mbed Studio\mbed-studio-tools\ac6\bin\..\lib\armlib\c_w.l(lc_numeric_c.o)
    0x0001940c   0x00000062   Code   RO        26434    x$fpl$d2f           c:\Users\Baru\AppData\Local\Mbed Studio\mbed-studio-tools\ac6\bin\..\lib\armlib\fz_wm.l(d2f.o)
    0x0001946e   0x00000002   PAD
    0x00019470   0x00000010   Code   RO        26966    x$fpl$dcheck1       c:\Users\Baru\AppData\Local\Mbed Studio\mbed-studio-tools\ac6\bin\..\lib\armlib\fz_wm.l(dcheck1.o)
    0x00019480   0x00000018   Code   RO        26968    x$fpl$dcmpinf       c:\Users\Baru\AppData\Local\Mbed Studio\mbed-studio-tools\ac6\bin\..\lib\armlib\fz_wm.l(dcmpi.o)
    0x00019498   0x00000078   Code   RO        26773    x$fpl$deqf          c:\Users\Baru\AppData\Local\Mbed Studio\mbed-studio-tools\ac6\bin\..\lib\armlib\fz_wm.l(deqf.o)
    0x00019510   0x00000078   Code   RO        26777    x$fpl$dleqf         c:\Users\Baru\AppData\Local\Mbed Studio\mbed-studio-tools\ac6\bin\..\lib\armlib\fz_wm.l(dleqf.o)
    0x00019588   0x00000154   Code   RO        26470    x$fpl$dmul          c:\Users\Baru\AppData\Local\Mbed Studio\mbed-studio-tools\ac6\bin\..\lib\armlib\fz_wm.l(dmul.o)
    0x000196dc   0x0000009c   Code   RO        26779    x$fpl$dnaninf       c:\Users\Baru\AppData\Local\Mbed Studio\mbed-studio-tools\ac6\bin\..\lib\armlib\fz_wm.l(dnaninf.o)
    0x00019778   0x0000000c   Code   RO        26781    x$fpl$dretinf       c:\Users\Baru\AppData\Local\Mbed Studio\mbed-studio-tools\ac6\bin\..\lib\armlib\fz_wm.l(dretinf.o)
    0x00019784   0x0000006c   Code   RO        27043    x$fpl$drleqf        c:\Users\Baru\AppData\Local\Mbed Studio\mbed-studio-tools\ac6\bin\..\lib\armlib\fz_wm.l(drleqf.o)
    0x000197f0   0x00000056   Code   RO        26472    x$fpl$f2d           c:\Users\Baru\AppData\Local\Mbed Studio\mbed-studio-tools\ac6\bin\..\lib\armlib\fz_wm.l(f2d.o)
    0x00019846   0x0000008c   Code   RO        26783    x$fpl$fnaninf       c:\Users\Baru\AppData\Local\Mbed Studio\mbed-studio-tools\ac6\bin\..\lib\armlib\fz_wm.l(fnaninf.o)
    0x000198d2   0x0000001a   Code   RO        26970    x$fpl$fpinit        c:\Users\Baru\AppData\Local\Mbed Studio\mbed-studio-tools\ac6\bin\..\lib\armlib\fz_wm.l(fpinit.o)
    0x000198ec   0x0000000a   Code   RO        26785    x$fpl$fretinf       c:\Users\Baru\AppData\Local\Mbed Studio\mbed-studio-tools\ac6\bin\..\lib\armlib\fz_wm.l(fretinf.o)
    0x000198f6   0x00000006   Code   RO        26787    x$fpl$ieeestatus    c:\Users\Baru\AppData\Local\Mbed Studio\mbed-studio-tools\ac6\bin\..\lib\armlib\fz_wm.l(istatus.o)
    0x000198fc   0x00000004   Code   RO        26480    x$fpl$printf1       c:\Users\Baru\AppData\Local\Mbed Studio\mbed-studio-tools\ac6\bin\..\lib\armlib\fz_wm.l(printf1.o)
    0x00019900   0x00000004   Code   RO        26789    x$fpl$printf2       c:\Users\Baru\AppData\Local\Mbed Studio\mbed-studio-tools\ac6\bin\..\lib\armlib\fz_wm.l(printf2.o)
    0x00019904   0x00000064   Code   RO        27013    x$fpl$retnan        c:\Users\Baru\AppData\Local\Mbed Studio\mbed-studio-tools\ac6\bin\..\lib\armlib\fz_wm.l(retnan.o)
    0x00019968   0x0000005c   Code   RO        26795    x$fpl$scalbn        c:\Users\Baru\AppData\Local\Mbed Studio\mbed-studio-tools\ac6\bin\..\lib\armlib\fz_wm.l(scalbn.o)
    0x000199c4   0x00000004   Code   RO        26797    x$fpl$scanf1        c:\Users\Baru\AppData\Local\Mbed Studio\mbed-studio-tools\ac6\bin\..\lib\armlib\fz_wm.l(scanf1.o)
    0x000199c8   0x00000008   Code   RO        27015    x$fpl$scanf2        c:\Users\Baru\AppData\Local\Mbed Studio\mbed-studio-tools\ac6\bin\..\lib\armlib\fz_wm.l(scanf2.o)
    0x000199d0   0x00000030   Code   RO        27045    x$fpl$trapveneer    c:\Users\Baru\AppData\Local\Mbed Studio\mbed-studio-tools\ac6\bin\..\lib\armlib\fz_wm.l(trapv.o)
    0x00019a00   0x00000000   Code   RO        26799    x$fpl$usenofp       c:\Users\Baru\AppData\Local\Mbed Studio\mbed-studio-tools\ac6\bin\..\lib\armlib\fz_wm.l(usenofp.o)
    0x00019a00   0x00000008   Data   RO        26235    .constdata          c:\Users\Baru\AppData\Local\Mbed Studio\mbed-studio-tools\ac6\bin\..\lib\armlib\c_w.l(_printf_wctomb.o)
    0x00019a08   0x00000028   Data   RO        26262    .constdata          c:\Users\Baru\AppData\Local\Mbed Studio\mbed-studio-tools\ac6\bin\..\lib\armlib\c_w.l(_printf_hex_int_ll_ptr.o)
    0x00019a30   0x00000011   Data   RO        26282    .constdata          c:\Users\Baru\AppData\Local\Mbed Studio\mbed-studio-tools\ac6\bin\..\lib\armlib\c_w.l(__printf_flags_ss_wp.o)
    0x00019a41   0x00000026   Data   RO        26855    .constdata          c:\Users\Baru\AppData\Local\Mbed Studio\mbed-studio-tools\ac6\bin\..\lib\armlib\c_w.l(_printf_fp_hex.o)
    0x00019a67   0x00000001   PAD
    0x00019a68   0x00000094   Data   RO        26876    .constdata          c:\Users\Baru\AppData\Local\Mbed Studio\mbed-studio-tools\ac6\bin\..\lib\armlib\c_w.l(bigflt0.o)
    0x00019afc   0x000000a0   Data   RO        22963    .rodata             BUILD/K64F/ARM/mbed-os/rtos/TARGET_CORTEX/rtx5/RTX/Source/rtx_lib.o
    0x00019b9c   0x00000058   Data   RO         1109    .rodata..L__const._Z7publishR11MQTTNetworkRN4MQTT6ClientIS_9CountdownLi100ELi5EEEPc.data  BUILD/K64F/ARM/main.o
    0x00019bf4   0x00000014   Data   RO        24988    .rodata..L__const.handle_interrupt_in.gpio_addrs  BUILD/K64F/ARM/mbed-os/targets/TARGET_Freescale/TARGET_MCUXpresso_MCUS/api/gpio_irq_api.o
    0x00019c08   0x00000006   Data   RO        24764    .rodata..L__const.serial_irq_set.uart_irqs  BUILD/K64F/ARM/mbed-os/targets/TARGET_Freescale/TARGET_MCUXpresso_MCUS/TARGET_MCU_K64F/serial_api.o
    0x00019c0e   0x00000002   PAD
    0x00019c10   0x0000006c   Data   RO        23410    .rodata.PinMap_I2C_SCL  BUILD/K64F/ARM/mbed-os/targets/TARGET_Freescale/TARGET_MCUXpresso_MCUS/TARGET_MCU_K64F/TARGET_FRDM/PeripheralPins.o
    0x00019c7c   0x00000060   Data   RO        23409    .rodata.PinMap_I2C_SDA  BUILD/K64F/ARM/mbed-os/targets/TARGET_Freescale/TARGET_MCUXpresso_MCUS/TARGET_MCU_K64F/TARGET_FRDM/PeripheralPins.o
    0x00019cdc   0x000001d4   Data   RO        23419    .rodata.PinMap_PWM  BUILD/K64F/ARM/mbed-os/targets/TARGET_Freescale/TARGET_MCUXpresso_MCUS/TARGET_MCU_K64F/TARGET_FRDM/PeripheralPins.o
    0x00019eb0   0x0000006c   Data   RO        23417    .rodata.PinMap_SPI_MISO  BUILD/K64F/ARM/mbed-os/targets/TARGET_Freescale/TARGET_MCUXpresso_MCUS/TARGET_MCU_K64F/TARGET_FRDM/PeripheralPins.o
    0x00019f1c   0x0000006c   Data   RO        23416    .rodata.PinMap_SPI_MOSI  BUILD/K64F/ARM/mbed-os/targets/TARGET_Freescale/TARGET_MCUXpresso_MCUS/TARGET_MCU_K64F/TARGET_FRDM/PeripheralPins.o
    0x00019f88   0x00000060   Data   RO        23415    .rodata.PinMap_SPI_SCLK  BUILD/K64F/ARM/mbed-os/targets/TARGET_Freescale/TARGET_MCUXpresso_MCUS/TARGET_MCU_K64F/TARGET_FRDM/PeripheralPins.o
    0x00019fe8   0x00000060   Data   RO        23418    .rodata.PinMap_SPI_SSEL  BUILD/K64F/ARM/mbed-os/targets/TARGET_Freescale/TARGET_MCUXpresso_MCUS/TARGET_MCU_K64F/TARGET_FRDM/PeripheralPins.o
    0x0001a048   0x000000a8   Data   RO        23413    .rodata.PinMap_UART_CTS  BUILD/K64F/ARM/mbed-os/targets/TARGET_Freescale/TARGET_MCUXpresso_MCUS/TARGET_MCU_K64F/TARGET_FRDM/PeripheralPins.o
    0x0001a0f0   0x000000a8   Data   RO        23414    .rodata.PinMap_UART_RTS  BUILD/K64F/ARM/mbed-os/targets/TARGET_Freescale/TARGET_MCUXpresso_MCUS/TARGET_MCU_K64F/TARGET_FRDM/PeripheralPins.o
    0x0001a198   0x00000090   Data   RO        23412    .rodata.PinMap_UART_RX  BUILD/K64F/ARM/mbed-os/targets/TARGET_Freescale/TARGET_MCUXpresso_MCUS/TARGET_MCU_K64F/TARGET_FRDM/PeripheralPins.o
    0x0001a228   0x00000090   Data   RO        23411    .rodata.PinMap_UART_TX  BUILD/K64F/ARM/mbed-os/targets/TARGET_Freescale/TARGET_MCUXpresso_MCUS/TARGET_MCU_K64F/TARGET_FRDM/PeripheralPins.o
    0x0001a2b8   0x000004fb   Data   RO          219    .rodata._ZL4font    BUILD/K64F/ARM/IoTKit/Adafruit_GFX/Adafruit_GFX.o
    0x0001a7b3   0x00000001   Data   RO        26527    .rodata._ZSt7nothrow  c:\Users\Baru\AppData\Local\Mbed Studio\mbed-studio-tools\ac6\bin\..\lib\libcxx\libcpp_w.l(new.cpp.o)
    0x0001a7b4   0x000000f4   Data   RO         2404    .rodata._ZTC16ESP8266Interface4_13WiFiInterface  BUILD/K64F/ARM/mbed-os/components/wifi/esp8266-driver/ESP8266Interface.o
    0x0001a8a8   0x00000014   Data   RO         2402    .rodata._ZTT16ESP8266Interface  BUILD/K64F/ARM/mbed-os/components/wifi/esp8266-driver/ESP8266Interface.o
    0x0001a8bc   0x00000010   Data   RO        18796    .rodata._ZTV11SocketStats  BUILD/K64F/ARM/mbed-os/features/netsocket/SocketStats.o
    0x0001a8cc   0x0000005c   Data   RO        22449    .rodata._ZTV12DirectSerial  BUILD/K64F/ARM/mbed-os/platform/mbed_retarget.o
    0x0001a928   0x00000040   Data   RO           81    .rodata._ZTV12HTS221Sensor  BUILD/K64F/ARM/HTS221/HTS221Sensor.o
    0x0001a968   0x00000054   Data   RO        18470    .rodata._ZTV14InternetSocket  BUILD/K64F/ARM/mbed-os/features/netsocket/InternetSocket.o
    0x0001a9bc   0x000000ac   Data   RO          271    .rodata._ZTV16Adafruit_SSD1306  BUILD/K64F/ARM/IoTKit/Adafruit_GFX/Adafruit_SSD1306.o
    0x0001aa68   0x000001a4   Data   RO         2401    .rodata._ZTV16ESP8266Interface  BUILD/K64F/ARM/mbed-os/components/wifi/esp8266-driver/ESP8266Interface.o
    0x0001ac0c   0x00000074   Data   RO        18603    .rodata._ZTV16NetworkInterface  BUILD/K64F/ARM/mbed-os/features/netsocket/NetworkInterface.o
    0x0001ac80   0x000000ac   Data   RO         1186    .rodata._ZTV20Adafruit_SSD1306_I2c  BUILD/K64F/ARM/main.o
    0x0001ad2c   0x00000018   Data   RO         1185    .rodata._ZTV6DevI2C  BUILD/K64F/ARM/main.o
    0x0001ad44   0x00000058   Data   RO        18837    .rodata._ZTV9TCPSocket  BUILD/K64F/ARM/mbed-os/features/netsocket/TCPSocket.o
    0x0001ad9c   0x00000058   Data   RO        18960    .rodata._ZTV9UDPSocket  BUILD/K64F/ARM/mbed-os/features/netsocket/UDPSocket.o
    0x0001adf4   0x0000005c   Data   RO        22012    .rodata._ZTVN4mbed10FileHandleE  BUILD/K64F/ARM/mbed-os/platform/FileHandle.o
    0x0001ae50   0x00000018   Data   RO         3031    .rodata._ZTVN4mbed10SerialBaseE  BUILD/K64F/ARM/mbed-os/drivers/SerialBase.o
    0x0001ae68   0x000000ac   Data   RO         3198    .rodata._ZTVN4mbed10UARTSerialE  BUILD/K64F/ARM/mbed-os/drivers/UARTSerial.o
    0x0001af14   0x00000010   Data   RO         2750    .rodata._ZTVN4mbed11InterruptInE  BUILD/K64F/ARM/mbed-os/drivers/InterruptIn.o
    0x0001af24   0x00000018   Data   RO         2699    .rodata._ZTVN4mbed3I2CE  BUILD/K64F/ARM/mbed-os/drivers/I2C.o
    0x0001af3c   0x00000020   Data   RO         2918    .rodata._ZTVN4mbed3SPIE  BUILD/K64F/ARM/mbed-os/drivers/SPI.o
    0x0001af5c   0x0000007c   Data   RO        22103    .rodata._ZTVN4mbed6StreamE  BUILD/K64F/ARM/mbed-os/platform/Stream.o
    0x0001afd8   0x00000010   Data   RO        22007    .rodata._ZTVN4mbed8FileBaseE  BUILD/K64F/ARM/mbed-os/platform/FileBase.o
    0x0001afe8   0x00000010   Data   RO        23403    .rodata._ZTVN4rtos6ThreadE  BUILD/K64F/ARM/mbed-os/rtos/Thread.o
    0x0001aff8   0x0000000c   Data   RO        18731    .rodata._ZZN4mbed8CallbackIFiiNS0_IFvvEEEEE8generateINS4_14method_contextI12NetworkStackMS7_FiiS2_EEEEEvRKT_E3ops  BUILD/K64F/ARM/mbed-os/features/netsocket/NetworkStack.o
    0x0001b004   0x0000000c   Data   RO        18481    .rodata._ZZN4mbed8CallbackIFvvEE8generateINS2_14method_contextI14InternetSocketMS5_FvvEEEEEvRKT_E3ops  BUILD/K64F/ARM/mbed-os/features/netsocket/InternetSocket.o
    0x0001b010   0x0000000c   Data   RO         2432    .rodata._ZZN4mbed8CallbackIFvvEE8generateINS2_14method_contextI16ESP8266InterfaceMS5_FvvEEEEEvRKT_E3ops  BUILD/K64F/ARM/mbed-os/components/wifi/esp8266-driver/ESP8266Interface.o
    0x0001b01c   0x0000000c   Data   RO         1075    .rodata._ZZN4mbed8CallbackIFvvEE8generateINS2_14method_contextI3QEIMS5_FvvEEEEEvRKT_E3ops  BUILD/K64F/ARM/QEI/QEI.o
    0x0001b028   0x0000000c   Data   RO         2552    .rodata._ZZN4mbed8CallbackIFvvEE8generateINS2_14method_contextI7ESP8266MS5_FvvEEEEEvRKT_E3ops  BUILD/K64F/ARM/mbed-os/components/wifi/esp8266-driver/ESP8266/ESP8266.o
    0x0001b034   0x0000000c   Data   RO         3339    .rodata._ZZN4mbed8CallbackIFvvEE8generateINS2_14method_contextIN6events10EventQueueEMS6_FvvEEEEEvRKT_E3ops  BUILD/K64F/ARM/mbed-os/events/mbed_shared_queues.o
    0x0001b040   0x0000000c   Data   RO         3224    .rodata._ZZN4mbed8CallbackIFvvEE8generateINS2_14method_contextINS_10UARTSerialEMS5_FvvEEEEEvRKT_E3ops  BUILD/K64F/ARM/mbed-os/drivers/UARTSerial.o
    0x0001b04c   0x0000000c   Data   RO        19212    .rodata._ZZN4mbed8CallbackIFvvEE8generateINS2_16function_contextIPFvP12NetworkStackES5_EEEEvRKT_E3ops  BUILD/K64F/ARM/mbed-os/features/netsocket/nsapi_dns.o
    0x0001b058   0x0000000c   Data   RO        19211    .rodata._ZZN4mbed8CallbackIFvvEE8generateINS2_16function_contextIPFvPvEvEEEEvRKT_E3ops  BUILD/K64F/ARM/mbed-os/features/netsocket/nsapi_dns.o
    0x0001b064   0x0000000c   Data   RO         1304    .rodata._ZZN4mbed8CallbackIFvvEE8generateIPS1_EEvRKT_E3ops  BUILD/K64F/ARM/mbed-os/components/802.15.4_RF/atmel-rf-driver/source/NanostackRfPhyAtmel.o
    0x0001b070   0x00000008   Data   RO        22445    .rodata.__stderr_name  BUILD/K64F/ARM/mbed-os/platform/mbed_retarget.o
    0x0001b078   0x00000007   Data   RO        22443    .rodata.__stdin_name  BUILD/K64F/ARM/mbed-os/platform/mbed_retarget.o
    0x0001b07f   0x00000008   Data   RO        22444    .rodata.__stdout_name  BUILD/K64F/ARM/mbed-os/platform/mbed_retarget.o
    0x0001b087   0x00000001   PAD
    0x0001b088   0x00000020   Data   RO        24133    .rodata.cst16       BUILD/K64F/ARM/mbed-os/targets/TARGET_Freescale/TARGET_MCUXpresso_MCUS/TARGET_MCU_K64F/drivers/fsl_ftm.o
    0x0001b0a8   0x00000010   Data   RO        24682    .rodata.cst16       BUILD/K64F/ARM/mbed-os/targets/TARGET_Freescale/TARGET_MCUXpresso_MCUS/TARGET_MCU_K64F/pwmout_api.o
    0x0001b0b8   0x00000020   Data   RO        23435    .rodata.g_defaultClockConfigRun  BUILD/K64F/ARM/mbed-os/targets/TARGET_Freescale/TARGET_MCUXpresso_MCUS/TARGET_MCU_K64F/TARGET_FRDM/fsl_clock_config.o
    0x0001b0d8   0x00000014   Data   RO        24959    .rodata.gpio_addrs  BUILD/K64F/ARM/mbed-os/targets/TARGET_Freescale/TARGET_MCUXpresso_MCUS/api/gpio_api.o
    0x0001b0ec   0x0000000c   Data   RO        25028    .rodata.i2c_addrs   BUILD/K64F/ARM/mbed-os/targets/TARGET_Freescale/TARGET_MCUXpresso_MCUS/api/i2c_api.o
    0x0001b0f8   0x00000003   Data   RO        25029    .rodata.i2c_clocks  BUILD/K64F/ARM/mbed-os/targets/TARGET_Freescale/TARGET_MCUXpresso_MCUS/api/i2c_api.o
    0x0001b0fb   0x00000001   PAD
    0x0001b0fc   0x00000004   Data   RO         1199    .rodata.mbed_fault_context  BUILD/K64F/ARM/mbed-os/cmsis/TARGET_CORTEX_M/mbed_fault_handler.o
    0x0001b100   0x00000004   Data   RO        22965    .rodata.osRtxUserSVC  BUILD/K64F/ARM/mbed-os/rtos/TARGET_CORTEX/rtx5/RTX/Source/rtx_lib.o
    0x0001b104   0x00000024   Data   RO        22960    .rodata.os_idle_thread_attr  BUILD/K64F/ARM/mbed-os/rtos/TARGET_CORTEX/rtx5/RTX/Source/rtx_lib.o
    0x0001b128   0x00000018   Data   RO        22962    .rodata.os_timer_mq_attr  BUILD/K64F/ARM/mbed-os/rtos/TARGET_CORTEX/rtx5/RTX/Source/rtx_lib.o
    0x0001b140   0x00000024   Data   RO        22961    .rodata.os_timer_thread_attr  BUILD/K64F/ARM/mbed-os/rtos/TARGET_CORTEX/rtx5/RTX/Source/rtx_lib.o
    0x0001b164   0x00000014   Data   RO        24987    .rodata.port_addrs  BUILD/K64F/ARM/mbed-os/targets/TARGET_Freescale/TARGET_MCUXpresso_MCUS/api/gpio_irq_api.o
    0x0001b178   0x00000014   Data   RO        25059    .rodata.port_addrs  BUILD/K64F/ARM/mbed-os/targets/TARGET_Freescale/TARGET_MCUXpresso_MCUS/api/pinmap.o
    0x0001b18c   0x00000005   Data   RO        24985    .rodata.port_irqs   BUILD/K64F/ARM/mbed-os/targets/TARGET_Freescale/TARGET_MCUXpresso_MCUS/api/gpio_irq_api.o
    0x0001b191   0x00000003   PAD
    0x0001b194   0x0000000c   Data   RO        23759    .rodata.s_dspiBases  BUILD/K64F/ARM/mbed-os/targets/TARGET_Freescale/TARGET_MCUXpresso_MCUS/TARGET_MCU_K64F/drivers/fsl_dspi.o
    0x0001b1a0   0x0000000c   Data   RO        23761    .rodata.s_dspiClock  BUILD/K64F/ARM/mbed-os/targets/TARGET_Freescale/TARGET_MCUXpresso_MCUS/TARGET_MCU_K64F/drivers/fsl_dspi.o
    0x0001b1ac   0x0000001c   Data   RO        24027    .rodata.s_flashCommonBitOperationFunctionCode  BUILD/K64F/ARM/mbed-os/targets/TARGET_Freescale/TARGET_MCUXpresso_MCUS/TARGET_MCU_K64F/drivers/fsl_flash.o
    0x0001b1c8   0x0000000c   Data   RO        24213    .rodata.s_i2cBases  BUILD/K64F/ARM/mbed-os/targets/TARGET_Freescale/TARGET_MCUXpresso_MCUS/TARGET_MCU_K64F/drivers/fsl_i2c.o
    0x0001b1d4   0x0000000c   Data   RO        24215    .rodata.s_i2cClocks  BUILD/K64F/ARM/mbed-os/targets/TARGET_Freescale/TARGET_MCUXpresso_MCUS/TARGET_MCU_K64F/drivers/fsl_i2c.o
    0x0001b1e0   0x00000080   Data   RO        24216    .rodata.s_i2cDividerTable  BUILD/K64F/ARM/mbed-os/targets/TARGET_Freescale/TARGET_MCUXpresso_MCUS/TARGET_MCU_K64F/drivers/fsl_i2c.o
    0x0001b260   0x00000018   Data   RO        24590    .rodata.s_uartBases  BUILD/K64F/ARM/mbed-os/targets/TARGET_Freescale/TARGET_MCUXpresso_MCUS/TARGET_MCU_K64F/drivers/fsl_uart.o
    0x0001b278   0x00000018   Data   RO        24592    .rodata.s_uartClock  BUILD/K64F/ARM/mbed-os/targets/TARGET_Freescale/TARGET_MCUXpresso_MCUS/TARGET_MCU_K64F/drivers/fsl_uart.o
    0x0001b290   0x0000000c   Data   RO        24814    .rodata.spi_address  BUILD/K64F/ARM/mbed-os/targets/TARGET_Freescale/TARGET_MCUXpresso_MCUS/TARGET_MCU_K64F/spi_api.o
    0x0001b29c   0x00000003   Data   RO        24815    .rodata.spi_clocks  BUILD/K64F/ARM/mbed-os/targets/TARGET_Freescale/TARGET_MCUXpresso_MCUS/TARGET_MCU_K64F/spi_api.o
    0x0001b29f   0x0000001a   Data   RO           82    .rodata.str1.1      BUILD/K64F/ARM/HTS221/HTS221Sensor.o
    0x0001b2b9   0x00000019   Data   RO          180    .rodata.str1.1      BUILD/K64F/ARM/HTS221/HTS221_driver.o
    0x0001b2d2   0x00000053   Data   RO         1088    .rodata.str1.1      BUILD/K64F/ARM/main.o
    0x0001b325   0x000000c8   Data   RO         1200    .rodata.str1.1      BUILD/K64F/ARM/mbed-os/cmsis/TARGET_CORTEX_M/mbed_fault_handler.o
    0x0001b3ed   0x00000200   Data   RO         2403    .rodata.str1.1      BUILD/K64F/ARM/mbed-os/components/wifi/esp8266-driver/ESP8266Interface.o
    0x0001b5ed   0x00000141   Data   RO         2544    .rodata.str1.1      BUILD/K64F/ARM/mbed-os/components/wifi/esp8266-driver/ESP8266/ESP8266.o
    0x0001b72e   0x00000043   Data   RO         2919    .rodata.str1.1      BUILD/K64F/ARM/mbed-os/drivers/SPI.o
    0x0001b771   0x00000037   Data   RO         3319    .rodata.str1.1      BUILD/K64F/ARM/mbed-os/events/mbed_shared_queues.o
    0x0001b7a8   0x00000023   Data   RO         4210    .rodata.str1.1      BUILD/K64F/ARM/mbed-os/features/cellular/framework/device/CellularStateMachine.o
    0x0001b7cb   0x0000001e   Data   RO        18471    .rodata.str1.1      BUILD/K64F/ARM/mbed-os/features/netsocket/InternetSocket.o
    0x0001b7e9   0x0000005a   Data   RO        18675    .rodata.str1.1      BUILD/K64F/ARM/mbed-os/features/netsocket/NetworkStack.o
    0x0001b843   0x00000039   Data   RO        18838    .rodata.str1.1      BUILD/K64F/ARM/mbed-os/features/netsocket/TCPSocket.o
    0x0001b87c   0x00000045   Data   RO        19185    .rodata.str1.1      BUILD/K64F/ARM/mbed-os/features/netsocket/nsapi_dns.o
    0x0001b8c1   0x00000020   Data   RO        21882    .rodata.str1.1      BUILD/K64F/ARM/mbed-os/hal/mbed_ticker_api.o
    0x0001b8e1   0x00000190   Data   RO        22239    .rodata.str1.1      BUILD/K64F/ARM/mbed-os/platform/mbed_error.o
    0x0001ba71   0x0000005c   Data   RO        22453    .rodata.str1.1      BUILD/K64F/ARM/mbed-os/platform/mbed_retarget.o
    0x0001bacd   0x00000047   Data   RO        22547    .rodata.str1.1      BUILD/K64F/ARM/mbed-os/platform/mbed_wait_api_rtos.o
    0x0001bb14   0x00000050   Data   RO        22570    .rodata.str1.1      BUILD/K64F/ARM/mbed-os/rtos/ConditionVariable.o
    0x0001bb64   0x00000012   Data   RO        22627    .rodata.str1.1      BUILD/K64F/ARM/mbed-os/rtos/Mutex.o
    0x0001bb76   0x00000138   Data   RO        22766    .rodata.str1.1      BUILD/K64F/ARM/mbed-os/rtos/TARGET_CORTEX/mbed_rtx_handlers.o
    0x0001bcae   0x00000013   Data   RO        22966    .rodata.str1.1      BUILD/K64F/ARM/mbed-os/rtos/TARGET_CORTEX/rtx5/RTX/Source/rtx_lib.o
    0x0001bcc1   0x0000001e   Data   RO        23343    .rodata.str1.1      BUILD/K64F/ARM/mbed-os/rtos/ThisThread.o
    0x0001bcdf   0x0000001b   Data   RO        23402    .rodata.str1.1      BUILD/K64F/ARM/mbed-os/rtos/Thread.o
    0x0001bcfa   0x0000007e   Data   RO        23597    .rodata.str1.1      BUILD/K64F/ARM/mbed-os/targets/TARGET_Freescale/TARGET_MCUXpresso_MCUS/TARGET_MCU_K64F/drivers/fsl_clock.o
    0x0001bd78   0x000000b1   Data   RO        23760    .rodata.str1.1      BUILD/K64F/ARM/mbed-os/targets/TARGET_Freescale/TARGET_MCUXpresso_MCUS/TARGET_MCU_K64F/drivers/fsl_dspi.o
    0x0001be29   0x0000006c   Data   RO        23899    .rodata.str1.1      BUILD/K64F/ARM/mbed-os/targets/TARGET_Freescale/TARGET_MCUXpresso_MCUS/TARGET_MCU_K64F/drivers/fsl_edma.o
    0x0001be95   0x0000005d   Data   RO        23950    .rodata.str1.1      BUILD/K64F/ARM/mbed-os/targets/TARGET_Freescale/TARGET_MCUXpresso_MCUS/TARGET_MCU_K64F/drivers/fsl_enet.o
    0x0001bef2   0x000000b5   Data   RO        24096    .rodata.str1.1      BUILD/K64F/ARM/mbed-os/targets/TARGET_Freescale/TARGET_MCUXpresso_MCUS/TARGET_MCU_K64F/drivers/fsl_flexcan.o
    0x0001bfa7   0x00000075   Data   RO        24132    .rodata.str1.1      BUILD/K64F/ARM/mbed-os/targets/TARGET_Freescale/TARGET_MCUXpresso_MCUS/TARGET_MCU_K64F/drivers/fsl_ftm.o
    0x0001c01c   0x00000090   Data   RO        24214    .rodata.str1.1      BUILD/K64F/ARM/mbed-os/targets/TARGET_Freescale/TARGET_MCUXpresso_MCUS/TARGET_MCU_K64F/drivers/fsl_i2c.o
    0x0001c0ac   0x00000081   Data   RO        24275    .rodata.str1.1      BUILD/K64F/ARM/mbed-os/targets/TARGET_Freescale/TARGET_MCUXpresso_MCUS/TARGET_MCU_K64F/drivers/fsl_pit.o
    0x0001c12d   0x0000005c   Data   RO        24325    .rodata.str1.1      BUILD/K64F/ARM/mbed-os/targets/TARGET_Freescale/TARGET_MCUXpresso_MCUS/TARGET_MCU_K64F/drivers/fsl_rtc.o
    0x0001c189   0x0000005c   Data   RO        24392    .rodata.str1.1      BUILD/K64F/ARM/mbed-os/targets/TARGET_Freescale/TARGET_MCUXpresso_MCUS/TARGET_MCU_K64F/drivers/fsl_sai.o
    0x0001c1e5   0x0000005d   Data   RO        24464    .rodata.str1.1      BUILD/K64F/ARM/mbed-os/targets/TARGET_Freescale/TARGET_MCUXpresso_MCUS/TARGET_MCU_K64F/drivers/fsl_sdhc.o
    0x0001c242   0x00000091   Data   RO        24591    .rodata.str1.1      BUILD/K64F/ARM/mbed-os/targets/TARGET_Freescale/TARGET_MCUXpresso_MCUS/TARGET_MCU_K64F/drivers/fsl_uart.o
    0x0001c2d3   0x00000057   Data   RO        24680    .rodata.str1.1      BUILD/K64F/ARM/mbed-os/targets/TARGET_Freescale/TARGET_MCUXpresso_MCUS/TARGET_MCU_K64F/pwmout_api.o
    0x0001c32a   0x00000057   Data   RO        24758    .rodata.str1.1      BUILD/K64F/ARM/mbed-os/targets/TARGET_Freescale/TARGET_MCUXpresso_MCUS/TARGET_MCU_K64F/serial_api.o
    0x0001c381   0x00000054   Data   RO        24813    .rodata.str1.1      BUILD/K64F/ARM/mbed-os/targets/TARGET_Freescale/TARGET_MCUXpresso_MCUS/TARGET_MCU_K64F/spi_api.o
    0x0001c3d5   0x00000061   Data   RO        24958    .rodata.str1.1      BUILD/K64F/ARM/mbed-os/targets/TARGET_Freescale/TARGET_MCUXpresso_MCUS/api/gpio_api.o
    0x0001c436   0x00000048   Data   RO        25027    .rodata.str1.1      BUILD/K64F/ARM/mbed-os/targets/TARGET_Freescale/TARGET_MCUXpresso_MCUS/api/i2c_api.o
    0x0001c47e   0x00000047   Data   RO        25058    .rodata.str1.1      BUILD/K64F/ARM/mbed-os/targets/TARGET_Freescale/TARGET_MCUXpresso_MCUS/api/pinmap.o
    0x0001c4c5   0x00000003   PAD
    0x0001c4c8   0x0000000b   Data   RO        22951    .rodata.str1.4      BUILD/K64F/ARM/mbed-os/rtos/TARGET_CORTEX/rtx5/RTX/Source/rtx_kernel.o
    0x0001c4d3   0x00000001   PAD
    0x0001c4d4   0x00000018   Data   RO        24759    .rodata.uart_addrs  BUILD/K64F/ARM/mbed-os/targets/TARGET_Freescale/TARGET_MCUXpresso_MCUS/TARGET_MCU_K64F/serial_api.o
    0x0001c4ec   0x00000006   Data   RO        24760    .rodata.uart_clocks  BUILD/K64F/ARM/mbed-os/targets/TARGET_Freescale/TARGET_MCUXpresso_MCUS/TARGET_MCU_K64F/serial_api.o
    0x0001c4f2   0x00000002   PAD
    0x0001c4f4   0x00000008   Data   RO        21891    .rodata.us_data     BUILD/K64F/ARM/mbed-os/hal/mbed_us_ticker_api.o
    0x0001c4fc   0x00000020   Data   RO        21893    .rodata.us_interface  BUILD/K64F/ARM/mbed-os/hal/mbed_us_ticker_api.o
    0x0001c51c   0x00000008   Data   RO        24883    .rodata.us_ticker_get_info.info  BUILD/K64F/ARM/mbed-os/targets/TARGET_Freescale/TARGET_MCUXpresso_MCUS/TARGET_MCU_K64F/us_ticker.o
    0x0001c524   0x00000020   Data   RO        27063    Region$$Table       anon$$obj.o
    0x0001c544   0x00000008   Data   RO        27009    c$$dinf             c:\Users\Baru\AppData\Local\Mbed Studio\mbed-studio-tools\ac6\bin\..\lib\armlib\fz_wm.l(fpconst.o)
    0x0001c54c   0x00000008   Data   RO        27012    c$$dmax             c:\Users\Baru\AppData\Local\Mbed Studio\mbed-studio-tools\ac6\bin\..\lib\armlib\fz_wm.l(fpconst.o)
    0x0001c554   0x00000110   Data   RO        26697    locale$$data        c:\Users\Baru\AppData\Local\Mbed Studio\mbed-studio-tools\ac6\bin\..\lib\armlib\c_w.l(lc_ctype_c.o)
    0x0001c664   0x0000001c   Data   RO        26928    locale$$data        c:\Users\Baru\AppData\Local\Mbed Studio\mbed-studio-tools\ac6\bin\..\lib\armlib\c_w.l(lc_numeric_c.o)
    0x0001c680   0x00000004   Data   RO         1110    .init_array         BUILD/K64F/ARM/main.o
    0x0001c684   0x00000004   Data   RO        20059    .init_array         BUILD/K64F/ARM/mbed-os/features/storage/FEATURE_STORAGE/cfstore/source/cfstore_svm.o
    0x0001c688   0x00000000   Data   RO        26429    .init_array         c:\Users\Baru\AppData\Local\Mbed Studio\mbed-studio-tools\ac6\bin\..\lib\armlib\c_w.l(init_aeabi.o)


    Execution Region VECTOR_RAM (Base: 0x1fff0000, Size: 0x00000400, Max: 0x00000400, ABSOLUTE)

    Base Addr    Size         Type   Attr      Idx    E Section Name        Object

    0x1fff0000   0x00000400   Zero   RW            1    VECTOR_RAM.bss      anon$$obj.o


    Execution Region RW_m_crash_data (Base: 0x1fff0400, Size: 0x00000100, Max: 0x00000100, ABSOLUTE)

    Base Addr    Size         Type   Attr      Idx    E Section Name        Object

    0x1fff0400   0x00000100   Zero   RW            2    RW_m_crash_data.bss  anon$$obj.o


    Execution Region RW_m_data (Base: 0x1fff0500, Size: 0x00000000, Max: 0x0000fb00, ABSOLUTE)

    **** No section assigned to this execution region ****


    Execution Region RW_m_data_2 (Base: 0x20000000, Size: 0x00003dc0, Max: 0x00030000, ABSOLUTE, COMPRESSED[0x00000068])

    Base Addr    Size         Type   Attr      Idx    E Section Name        Object

    0x20000000   0x00000004   Data   RW        26343    .data               c:\Users\Baru\AppData\Local\Mbed Studio\mbed-studio-tools\ac6\bin\..\lib\armlib\c_w.l(stdio_streams.o)
    0x20000004   0x00000004   Data   RW        26344    .data               c:\Users\Baru\AppData\Local\Mbed Studio\mbed-studio-tools\ac6\bin\..\lib\armlib\c_w.l(stdio_streams.o)
    0x20000008   0x00000004   Data   RW        26345    .data               c:\Users\Baru\AppData\Local\Mbed Studio\mbed-studio-tools\ac6\bin\..\lib\armlib\c_w.l(stdio_streams.o)
    0x2000000c   0x00000004   Data   RW        26684    .data               c:\Users\Baru\AppData\Local\Mbed Studio\mbed-studio-tools\ac6\bin\..\lib\armlib\c_w.l(streamlock.o)
    0x20000010   0x00000004   Data   RW        23471    .data.SystemCoreClock  BUILD/K64F/ARM/mbed-os/targets/TARGET_Freescale/TARGET_MCUXpresso_MCUS/TARGET_MCU_K64F/device/system_MK64F12.o
    0x20000014   0x00000055   Data   RW        19181    .data._ZL11dns_servers  BUILD/K64F/ARM/mbed-os/features/netsocket/nsapi_dns.o
    0x20000069   0x00000003   PAD
    0x2000006c   0x00000040   Data   RW        22458    .data._ZL11filehandles  BUILD/K64F/ARM/mbed-os/platform/mbed_retarget.o
    0x200000ac   0x00000004   Data   RW        19179    .data._ZL13dns_unique_id  BUILD/K64F/ARM/mbed-os/features/netsocket/nsapi_dns.o
    0x200000b0   0x00000002   Data   RW        19184    .data._ZL14dns_message_id  BUILD/K64F/ARM/mbed-os/features/netsocket/nsapi_dns.o
    0x200000b2   0x00000002   PAD
    0x200000b4   0x00000004   Data   RW        22775    .data._ZL14idle_hook_fptr  BUILD/K64F/ARM/mbed-os/rtos/TARGET_CORTEX/mbed_rtx_idle.o
    0x200000b8   0x00000008   Data   RW        18604    .data._ZZL29get_interface_event_list_headvE10event_list  BUILD/K64F/ARM/mbed-os/features/netsocket/NetworkInterface.o
    0x200000c0   0x00000004   Data   RW         1096    .data.hostname      BUILD/K64F/ARM/main.o
    0x200000c4   0x00000004   Data   RW        21892    .data.irq_handler   BUILD/K64F/ARM/mbed-os/hal/mbed_us_ticker_api.o
    0x200000c8   0x000000a4   Data   RW        22952    .data.os            BUILD/K64F/ARM/mbed-os/rtos/TARGET_CORTEX/rtx5/RTX/Source/rtx_kernel.o
    0x2000016c   0x00000004   Data   RW         1097    .data.port          BUILD/K64F/ARM/main.o
    0x20000170   0x00000004   Data   RW        23600    .data.s_fastIrcFreq  BUILD/K64F/ARM/mbed-os/targets/TARGET_Freescale/TARGET_MCUXpresso_MCUS/TARGET_MCU_K64F/drivers/fsl_clock.o
    0x20000174   0x00000004   Data   RW        23601    .data.s_slowIrcFreq  BUILD/K64F/ARM/mbed-os/targets/TARGET_Freescale/TARGET_MCUXpresso_MCUS/TARGET_MCU_K64F/drivers/fsl_clock.o
    0x20000178   0x00000004   Data   RW         1094    .data.topicTEMP     BUILD/K64F/ARM/main.o
    0x2000017c   0x00000054   Zero   RW        26340    .bss                c:\Users\Baru\AppData\Local\Mbed Studio\mbed-studio-tools\ac6\bin\..\lib\armlib\c_w.l(stdio_streams.o)
    0x200001d0   0x00000054   Zero   RW        26341    .bss                c:\Users\Baru\AppData\Local\Mbed Studio\mbed-studio-tools\ac6\bin\..\lib\armlib\c_w.l(stdio_streams.o)
    0x20000224   0x00000054   Zero   RW        26342    .bss                c:\Users\Baru\AppData\Local\Mbed Studio\mbed-studio-tools\ac6\bin\..\lib\armlib\c_w.l(stdio_streams.o)
    0x20000278   0x00000060   Zero   RW        26576    .bss                c:\Users\Baru\AppData\Local\Mbed Studio\mbed-studio-tools\ac6\bin\..\lib\armlib\c_w.l(libspace.o)
    0x200002d8   0x00000001   Zero   RW        23311    .bss.PendST         BUILD/K64F/ARM/mbed-os/rtos/TARGET_CORTEX/rtx5/Source/os_systick.o
    0x200002d9   0x00000003   PAD
    0x200002dc   0x00000004   Zero   RW        22460    .bss._ZGVZL15default_consolevE7console  BUILD/K64F/ARM/mbed-os/platform/mbed_retarget.o
    0x200002e0   0x00000004   Zero   RW        18674    .bss._ZGVZN12NetworkStack7call_inEiN4mbed8CallbackIFvvEEEE11event_queue  BUILD/K64F/ARM/mbed-os/features/netsocket/NetworkStack.o
    0x200002e4   0x00000004   Zero   RW         1189    .bss._ZGVZN4MQTT6ClientI11MQTTNetwork9CountdownLi100ELi5EE9keepaliveEvE9ping_sent  BUILD/K64F/ARM/main.o
    0x200002e8   0x00000004   Zero   RW         3335    .bss._ZGVZN4mbed33do_shared_event_queue_with_threadIL12osPriority_t24ELj768ELj2048EEEPN6events10EventQueueEPKcE5queue  BUILD/K64F/ARM/mbed-os/events/mbed_shared_queues.o
    0x200002ec   0x00000004   Zero   RW         3338    .bss._ZGVZN4mbed33do_shared_event_queue_with_threadIL12osPriority_t24ELj768ELj2048EEEPN6events10EventQueueEPKcE6thread  BUILD/K64F/ARM/mbed-os/events/mbed_shared_queues.o
    0x200002f0   0x00000018   Zero   RW        19176    .bss._ZL11dns_call_in  BUILD/K64F/ARM/mbed-os/features/netsocket/nsapi_dns.o
    0x20000308   0x00000010   Zero   RW        22450    .bss._ZL13stdio_in_prev  BUILD/K64F/ARM/mbed-os/platform/mbed_retarget.o
    0x20000318   0x00000010   Zero   RW        22451    .bss._ZL14stdio_out_prev  BUILD/K64F/ARM/mbed-os/platform/mbed_retarget.o
    0x20000328   0x00000030   Zero   RW        19182    .bss._ZL15dns_cache_mutex  BUILD/K64F/ARM/mbed-os/features/netsocket/nsapi_dns.o
    0x20000358   0x00000014   Zero   RW        19178    .bss._ZL15dns_query_queue  BUILD/K64F/ARM/mbed-os/features/netsocket/nsapi_dns.o
    0x2000036c   0x00000004   PAD
    0x20000370   0x00000030   Zero   RW        22448    .bss._ZL16filehandle_mutex  BUILD/K64F/ARM/mbed-os/platform/mbed_retarget.o
    0x200003a0   0x00000001   Zero   RW        19180    .bss._ZL17dns_timer_running  BUILD/K64F/ARM/mbed-os/features/netsocket/nsapi_dns.o
    0x200003a1   0x00000003   PAD
    0x200003a4   0x00000018   Zero   RW         1091    .bss._ZL6devI2c     BUILD/K64F/ARM/main.o
    0x200003bc   0x0000004c   Zero   RW         1092    .bss._ZL8hum_temp   BUILD/K64F/ARM/main.o
    0x20000408   0x0000000c   Zero   RW        19183    .bss._ZL9dns_cache  BUILD/K64F/ARM/mbed-os/features/netsocket/nsapi_dns.o
    0x20000414   0x00000004   PAD
    0x20000418   0x00000030   Zero   RW        19177    .bss._ZL9dns_mutex  BUILD/K64F/ARM/mbed-os/features/netsocket/nsapi_dns.o
    0x20000448   0x00000004   Zero   RW        21943    .bss._ZN10CThunkBase17_cthunk_free_realE  BUILD/K64F/ARM/mbed-os/platform/CThunkBase.o
    0x2000044c   0x00000004   PAD
    0x20000450   0x00000030   Zero   RW         2698    .bss._ZN4mbed3I2C6_mutexE  BUILD/K64F/ARM/mbed-os/drivers/I2C.o
    0x20000480   0x00000004   Zero   RW         2697    .bss._ZN4mbed3I2C6_ownerE  BUILD/K64F/ARM/mbed-os/drivers/I2C.o
    0x20000484   0x00000004   PAD
    0x20000488   0x00000468   Zero   RW         2916    .bss._ZN4mbed3SPI12_peripheralsE  BUILD/K64F/ARM/mbed-os/drivers/SPI.o
    0x200008f0   0x00000004   Zero   RW         2917    .bss._ZN4mbed3SPI17_peripherals_usedE  BUILD/K64F/ARM/mbed-os/drivers/SPI.o
    0x200008f4   0x00000004   Zero   RW        22004    .bss._ZN4mbed8FileBase5_headE  BUILD/K64F/ARM/mbed-os/platform/FileBase.o
    0x200008f8   0x00000030   Zero   RW        22005    .bss._ZN4mbed8FileBase6_mutexE  BUILD/K64F/ARM/mbed-os/platform/FileBase.o
    0x20000928   0x00000004   Zero   RW        22006    .bss._ZN4mbed8FileBase8_defaultE  BUILD/K64F/ARM/mbed-os/platform/FileBase.o
    0x2000092c   0x00000004   Zero   RW        22459    .bss._ZZL15default_consolevE7console  BUILD/K64F/ARM/mbed-os/platform/mbed_retarget.o
    0x20000930   0x00000080   Zero   RW         1187    .bss._ZZN11OLEDDisplay6printfEPKczE6buffer  BUILD/K64F/ARM/main.o
    0x200009b0   0x00000004   Zero   RW        18673    .bss._ZZN12NetworkStack7call_inEiN4mbed8CallbackIFvvEEEE11event_queue  BUILD/K64F/ARM/mbed-os/features/netsocket/NetworkStack.o
    0x200009b4   0x00000004   PAD
    0x200009b8   0x00000028   Zero   RW         1188    .bss._ZZN4MQTT6ClientI11MQTTNetwork9CountdownLi100ELi5EE9keepaliveEvE9ping_sent  BUILD/K64F/ARM/main.o
    0x200009e0   0x00000300   Zero   RW         3333    .bss._ZZN4mbed33do_shared_event_queue_with_threadIL12osPriority_t24ELj768ELj2048EEEPN6events10EventQueueEPKcE12queue_buffer  BUILD/K64F/ARM/mbed-os/events/mbed_shared_queues.o
    0x20000ce0   0x0000005c   Zero   RW         3334    .bss._ZZN4mbed33do_shared_event_queue_with_threadIL12osPriority_t24ELj768ELj2048EEEPN6events10EventQueueEPKcE5queue  BUILD/K64F/ARM/mbed-os/events/mbed_shared_queues.o
    0x20000d3c   0x00000004   PAD
    0x20000d40   0x00000800   Zero   RW         3336    .bss._ZZN4mbed33do_shared_event_queue_with_threadIL12osPriority_t24ELj768ELj2048EEEPN6events10EventQueueEPKcE5stack  BUILD/K64F/ARM/mbed-os/events/mbed_shared_queues.o
    0x20001540   0x000000c0   Zero   RW         3337    .bss._ZZN4mbed33do_shared_event_queue_with_threadIL12osPriority_t24ELj768ELj2048EEEPN6events10EventQueueEPKcE6thread  BUILD/K64F/ARM/mbed-os/events/mbed_shared_queues.o
    0x20001600   0x00000004   Zero   RW        22601    .bss._ZZN4rtos6Kernel12get_ms_countEvE6tick_h  BUILD/K64F/ARM/mbed-os/rtos/Kernel.o
    0x20001604   0x00000004   Zero   RW        22602    .bss._ZZN4rtos6Kernel12get_ms_countEvE6tick_l  BUILD/K64F/ARM/mbed-os/rtos/Kernel.o
    0x20001608   0x00001000   Zero   RW        22729    .bss._main_stack    BUILD/K64F/ARM/mbed-os/rtos/TARGET_CORTEX/mbed_rtos_rtx.o
    0x20002608   0x00000024   Zero   RW        22730    .bss._main_thread_attr  BUILD/K64F/ARM/mbed-os/rtos/TARGET_CORTEX/mbed_rtos_rtx.o
    0x2000262c   0x00000020   Zero   RW        22704    .bss._static_mutexes  BUILD/K64F/ARM/mbed-os/rtos/TARGET_CORTEX/TOOLCHAIN_ARM_STD/mbed_boot_arm_std.o
    0x2000264c   0x000000e0   Zero   RW        22705    .bss._static_mutexes_mem  BUILD/K64F/ARM/mbed-os/rtos/TARGET_CORTEX/TOOLCHAIN_ARM_STD/mbed_boot_arm_std.o
    0x2000272c   0x00000064   Zero   RW         1099    .bss.buf            BUILD/K64F/ARM/main.o
    0x20002790   0x00000004   Zero   RW         1005    .bss.bufptr         BUILD/K64F/ARM/MQTT/MQTTPacket/MQTTPacket.o
    0x20002794   0x00000004   Zero   RW         1093    .bss.button         BUILD/K64F/ARM/main.o
    0x20002798   0x00000280   Zero   RW        24986    .bss.channel_ids    BUILD/K64F/ARM/mbed-os/targets/TARGET_Freescale/TARGET_MCUXpresso_MCUS/api/gpio_irq_api.o
    0x20002a18   0x00000001   Zero   RW        21789    .bss.critical_interrupts_enabled  BUILD/K64F/ARM/mbed-os/hal/mbed_critical_section_api.o
    0x20002a19   0x00000003   PAD
    0x20002a1c   0x00000004   Zero   RW        22187    .bss.critical_section_reentrancy_counter  BUILD/K64F/ARM/mbed-os/platform/mbed_critical.o
    0x20002a20   0x00000002   Zero   RW        22520    .bss.deep_sleep_lock  BUILD/K64F/ARM/mbed-os/platform/mbed_sleep_manager.o
    0x20002a22   0x00000002   PAD
    0x20002a24   0x00000004   Zero   RW        22238    .bss.error_count    BUILD/K64F/ARM/mbed-os/platform/mbed_error.o
    0x20002a28   0x00000004   Zero   RW        22240    .bss.error_hook     BUILD/K64F/ARM/mbed-os/platform/mbed_error.o
    0x20002a2c   0x00000001   Zero   RW        22234    .bss.error_in_progress  BUILD/K64F/ARM/mbed-os/platform/mbed_error.o
    0x20002a2d   0x00000003   PAD
    0x20002a30   0x00000040   Zero   RW        21894    .bss.events         BUILD/K64F/ARM/mbed-os/hal/mbed_us_ticker_api.o
    0x20002a70   0x00000040   Zero   RW        22237    .bss.first_error_ctx  BUILD/K64F/ARM/mbed-os/platform/mbed_error.o
    0x20002ab0   0x0000000c   Zero   RW        23762    .bss.g_dspiHandle   BUILD/K64F/ARM/mbed-os/targets/TARGET_Freescale/TARGET_MCUXpresso_MCUS/TARGET_MCU_K64F/drivers/fsl_dspi.o
    0x20002abc   0x00000004   Zero   RW        23596    .bss.g_xtal0Freq    BUILD/K64F/ARM/mbed-os/targets/TARGET_Freescale/TARGET_MCUXpresso_MCUS/TARGET_MCU_K64F/drivers/fsl_clock.o
    0x20002ac0   0x00000004   Zero   RW        23598    .bss.g_xtal32Freq   BUILD/K64F/ARM/mbed-os/targets/TARGET_Freescale/TARGET_MCUXpresso_MCUS/TARGET_MCU_K64F/drivers/fsl_clock.o
    0x20002ac4   0x00000001   Zero   RW        22241    .bss.halt_in_progress  BUILD/K64F/ARM/mbed-os/platform/mbed_error.o
    0x20002ac5   0x00000003   PAD
    0x20002ac8   0x00000004   Zero   RW        24763    .bss.irq_handler    BUILD/K64F/ARM/mbed-os/targets/TARGET_Freescale/TARGET_MCUXpresso_MCUS/TARGET_MCU_K64F/serial_api.o
    0x20002acc   0x00000004   Zero   RW        24984    .bss.irq_handler    BUILD/K64F/ARM/mbed-os/targets/TARGET_Freescale/TARGET_MCUXpresso_MCUS/api/gpio_irq_api.o
    0x20002ad0   0x00000001   Zero   RW        22236    .bss.is_reboot_error_valid  BUILD/K64F/ARM/mbed-os/platform/mbed_error.o
    0x20002ad1   0x00000003   PAD
    0x20002ad4   0x00000040   Zero   RW        22235    .bss.last_error_ctx  BUILD/K64F/ARM/mbed-os/platform/mbed_error.o
    0x20002b14   0x00000004   Zero   RW         1101    .bss.led1           BUILD/K64F/ARM/main.o
    0x20002b18   0x00000004   Zero   RW         1102    .bss.led2           BUILD/K64F/ARM/main.o
    0x20002b1c   0x00000004   Zero   RW         1103    .bss.led3           BUILD/K64F/ARM/main.o
    0x20002b20   0x00000004   Zero   RW         1104    .bss.led4           BUILD/K64F/ARM/main.o
    0x20002b24   0x0000000c   Zero   RW         1107    .bss.m1             BUILD/K64F/ARM/main.o
    0x20002b30   0x00000004   Zero   RW        22447    .bss.mbed_heap_size  BUILD/K64F/ARM/mbed-os/platform/mbed_retarget.o
    0x20002b34   0x00000004   Zero   RW        22446    .bss.mbed_heap_start  BUILD/K64F/ARM/mbed-os/platform/mbed_retarget.o
    0x20002b38   0x00000004   Zero   RW        22720    .bss.mbed_stack_isr_size  BUILD/K64F/ARM/mbed-os/rtos/TARGET_CORTEX/mbed_boot.o
    0x20002b3c   0x00000004   Zero   RW        22719    .bss.mbed_stack_isr_start  BUILD/K64F/ARM/mbed-os/rtos/TARGET_CORTEX/mbed_boot.o
    0x20002b40   0x0000005c   Zero   RW         1100    .bss.oled           BUILD/K64F/ARM/main.o
    0x20002b9c   0x00000040   Zero   RW        22959    .bss.os             BUILD/K64F/ARM/mbed-os/rtos/TARGET_CORTEX/rtx5/RTX/Source/rtx_lib.o
    0x20002bdc   0x000001f0   Zero   RW        22703    .bss.os.libspace    BUILD/K64F/ARM/mbed-os/rtos/TARGET_CORTEX/TOOLCHAIN_ARM_STD/mbed_boot_arm_std.o
    0x20002dcc   0x00000034   Zero   RW        22969    .bss.os.msgqueue.cb  BUILD/K64F/ARM/mbed-os/rtos/TARGET_CORTEX/rtx5/RTX/Source/rtx_lib.o
    0x20002e00   0x00000050   Zero   RW        22970    .bss.os.msgqueue.mem  BUILD/K64F/ARM/mbed-os/rtos/TARGET_CORTEX/rtx5/RTX/Source/rtx_lib.o
    0x20002e50   0x00000044   Zero   RW        22731    .bss.os.thread.cb   BUILD/K64F/ARM/mbed-os/rtos/TARGET_CORTEX/mbed_rtos_rtx.o
    0x20002e94   0x00000088   Zero   RW        22967    .bss.os.thread.cb   BUILD/K64F/ARM/mbed-os/rtos/TARGET_CORTEX/rtx5/RTX/Source/rtx_lib.o
    0x20002f1c   0x00000004   PAD
    0x20002f20   0x00000500   Zero   RW        22968    .bss.os.thread.stack  BUILD/K64F/ARM/mbed-os/rtos/TARGET_CORTEX/rtx5/RTX/Source/rtx_lib.o
    0x20003420   0x00000001   Zero   RW        22706    .bss.os_kernel_is_active.os_kernel_active  BUILD/K64F/ARM/mbed-os/rtos/TARGET_CORTEX/TOOLCHAIN_ARM_STD/mbed_boot_arm_std.o
    0x20003421   0x00000003   PAD
    0x20003424   0x00000004   Zero   RW         1105    .bss.p              BUILD/K64F/ARM/main.o
    0x20003428   0x00000004   Zero   RW        24681    .bss.pwm_clock_mhz  BUILD/K64F/ARM/mbed-os/targets/TARGET_Freescale/TARGET_MCUXpresso_MCUS/TARGET_MCU_K64F/pwmout_api.o
    0x2000342c   0x0000006c   Zero   RW         1089    .bss.rfidReader     BUILD/K64F/ARM/main.o
    0x20003498   0x00000040   Zero   RW        23900    .bss.s_EDMAHandle   BUILD/K64F/ARM/mbed-os/targets/TARGET_Freescale/TARGET_MCUXpresso_MCUS/TARGET_MCU_K64F/drivers/fsl_edma.o
    0x200034d8   0x00000004   Zero   RW        23951    .bss.s_ENETHandle.0  BUILD/K64F/ARM/mbed-os/targets/TARGET_Freescale/TARGET_MCUXpresso_MCUS/TARGET_MCU_K64F/drivers/fsl_enet.o
    0x200034dc   0x00000003   Zero   RW        23758    .bss.s_dummyData    BUILD/K64F/ARM/mbed-os/targets/TARGET_Freescale/TARGET_MCUXpresso_MCUS/TARGET_MCU_K64F/drivers/fsl_dspi.o
    0x200034df   0x00000001   PAD
    0x200034e0   0x00000004   Zero   RW        24097    .bss.s_flexcanHandle.0  BUILD/K64F/ARM/mbed-os/targets/TARGET_Freescale/TARGET_MCUXpresso_MCUS/TARGET_MCU_K64F/drivers/fsl_flexcan.o
    0x200034e4   0x0000000c   Zero   RW        24217    .bss.s_i2cHandle    BUILD/K64F/ARM/mbed-os/targets/TARGET_Freescale/TARGET_MCUXpresso_MCUS/TARGET_MCU_K64F/drivers/fsl_i2c.o
    0x200034f0   0x00000008   Zero   RW        24393    .bss.s_saiHandle    BUILD/K64F/ARM/mbed-os/targets/TARGET_Freescale/TARGET_MCUXpresso_MCUS/TARGET_MCU_K64F/drivers/fsl_sai.o
    0x200034f8   0x00000004   Zero   RW        24465    .bss.s_sdhcHandle.0  BUILD/K64F/ARM/mbed-os/targets/TARGET_Freescale/TARGET_MCUXpresso_MCUS/TARGET_MCU_K64F/drivers/fsl_sdhc.o
    0x200034fc   0x00000018   Zero   RW        24593    .bss.s_uartHandle   BUILD/K64F/ARM/mbed-os/targets/TARGET_Freescale/TARGET_MCUXpresso_MCUS/TARGET_MCU_K64F/drivers/fsl_uart.o
    0x20003514   0x00000018   Zero   RW        24762    .bss.serial_irq_ids  BUILD/K64F/ARM/mbed-os/targets/TARGET_Freescale/TARGET_MCUXpresso_MCUS/TARGET_MCU_K64F/serial_api.o
    0x2000352c   0x00000010   Zero   RW        22727    .bss.singleton_mutex_attr  BUILD/K64F/ARM/mbed-os/rtos/TARGET_CORTEX/mbed_rtos_rtx.o
    0x2000353c   0x00000004   Zero   RW        22732    .bss.singleton_mutex_id  BUILD/K64F/ARM/mbed-os/rtos/TARGET_CORTEX/mbed_rtos_rtx.o
    0x20003540   0x0000001c   Zero   RW        22728    .bss.singleton_mutex_obj  BUILD/K64F/ARM/mbed-os/rtos/TARGET_CORTEX/mbed_rtos_rtx.o
    0x2000355c   0x00000004   Zero   RW         1108    .bss.speaker        BUILD/K64F/ARM/main.o
    0x20003560   0x00000001   Zero   RW        21788    .bss.state_saved    BUILD/K64F/ARM/mbed-os/hal/mbed_critical_section_api.o
    0x20003561   0x00000003   PAD
    0x20003564   0x000000bc   Zero   RW        24761    .bss.stdio_uart     BUILD/K64F/ARM/mbed-os/targets/TARGET_Freescale/TARGET_MCUXpresso_MCUS/TARGET_MCU_K64F/serial_api.o
    0x20003620   0x00000004   Zero   RW        24757    .bss.stdio_uart_inited  BUILD/K64F/ARM/mbed-os/targets/TARGET_Freescale/TARGET_MCUXpresso_MCUS/TARGET_MCU_K64F/serial_api.o
    0x20003624   0x00000004   Zero   RW        22765    .bss.terminate_hook  BUILD/K64F/ARM/mbed-os/rtos/TARGET_CORTEX/mbed_rtx_handlers.o
    0x20003628   0x00000001   Zero   RW        24884    .bss.us_ticker_inited  BUILD/K64F/ARM/mbed-os/targets/TARGET_Freescale/TARGET_MCUXpresso_MCUS/TARGET_MCU_K64F/us_ticker.o
    0x20003629   0x00000007   PAD
    0x20003630   0x000000b8   Zero   RW        20058    .bss.volumeManager  BUILD/K64F/ARM/mbed-os/features/storage/FEATURE_STORAGE/cfstore/source/cfstore_svm.o
    0x200036e8   0x000000b4   Zero   RW         1090    .bss.wheel          BUILD/K64F/ARM/main.o
    0x2000379c   0x00000004   PAD
    0x200037a0   0x00000620   Zero   RW         1087    .bss.wifi           BUILD/K64F/ARM/main.o


    Execution Region RW_IRAM1 (Base: 0x20003dc0, Size: 0x00000000, Max: 0xffffffff, ABSOLUTE)

    **** No section assigned to this execution region ****


    Execution Region ARM_LIB_HEAP (Base: 0x20003dc0, Size: 0x0002be40, Max: 0x0002be40, ABSOLUTE)

    Base Addr    Size         Type   Attr      Idx    E Section Name        Object

    0x20003dc0   0x0002be40   Zero   RW            3    ARM_LIB_HEAP.bss    anon$$obj.o


    Execution Region ARM_LIB_STACK (Base: 0x2002fc00, Size: 0x00000400, Max: 0x00000400, ABSOLUTE)

    Base Addr    Size         Type   Attr      Idx    E Section Name        Object

    0x2002fc00   0x00000400   Zero   RW            4    ARM_LIB_STACK.bss   anon$$obj.o


==============================================================================

Image component sizes


      Code (inc. data)   RO Data    RW Data    ZI Data      Debug   

     84374       4996      11871        364     197160      57352   Object Totals
         0          0         32          0     182080          0   (incl. Generated)
       266          0         13          5         66          0   (incl. Padding)
     19546        774        569         16        348      14728   Library Totals
        34          2          1          0          0          0   (incl. Padding)

==============================================================================


      Code (inc. data)   RO Data    RW Data    ZI Data      Debug   

    103920       5770      12440        380     197508      60592   Grand Totals
    103920       5770      12440        104     197508      60592   ELF Image Totals (compressed)
    103920       5770      12440        104          0          0   ROM Totals

==============================================================================

    Total RO  Size (Code + RO Data)               116360 ( 113.63kB)
    Total RW  Size (RW Data + ZI Data)            197888 ( 193.25kB)
    Total ROM Size (Code + RO Data + RW Data)     116464 ( 113.73kB)

==============================================================================

